Data span: 1993-01-29 -> 2026-06-16 (8,402 trading days)

======================================================================================================================
  1pct / FILTERED  --  ONE CONTINUOUS $100,000 ACCOUNT, 1993-01-29 -> 2026-06-16
======================================================================================================================
  year   active days   start equity     end equity  year return %
  ------------------------------------------------------------------------------------------------------------------
  1993             0        100,000        100,000          +0.0%
  1994           182        100,000        102,235          +2.2%
  1995           116        102,235        103,659          +1.4%
  1996           246        103,659        106,638          +2.9%
  1997           248        106,638        106,342          -0.3%
  1998           181        106,342        106,245          -0.1%
  1999           112        106,245        107,648          +1.3%
  2000           163        107,648        109,703          +1.9%
  2001           128        109,703        111,405          +1.6%
  2002           192        111,405        108,905          -2.2%
  2003            69        108,905        109,937          +0.9%
  2004            75        109,937        111,001          +1.0%
  2005            81        111,001        112,065          +1.0%
  2006           134        112,065        113,855          +1.6%
  2007           206        113,855        116,757          +2.5%
  2008           190        116,757        116,649          -0.1%
  2009            81        116,649        117,649          +0.9%
  2010           106        117,649        119,104          +1.2%
  2011           158        119,104        118,692          -0.3%
  2012             3        118,692        118,770          +0.1%
  2013           173        118,770        121,181          +2.0%
  2014           156        121,181        123,480          +1.9%
  2015           222        123,480        123,903          +0.3%
  2016           129        123,903        123,412          -0.4%
  2017           103        123,412        124,973          +1.3%
  2018           238        124,973        128,496          +2.8%
  2019           104        128,496        130,242          +1.4%
  2020           184        130,242        130,150          -0.1%
  2021           104        130,150        131,802          +1.3%
  2022           186        131,802        131,771          -0.0%
  2023            52        131,771        132,613          +0.6%
  2024           133        132,613        134,700          +1.6%
  2025           209        134,700        136,626          +1.4%
  2026           102        136,626        138,387          +1.3%
  ------------------------------------------------------------------------------------------------------------------
  TOTAL         4766        100,000        138,387         +38.4%

  MAX DRAWDOWN OF THE FULL COMBINED EQUITY CURVE:
    Peak equity $112,302 on 2002-07-05
    Trough equity $108,109 on 2002-10-09
    Max drawdown: 3.73%
    Recovered on 2006-02-08  (1218 days trough->recovery, 1314 days total peak->recovery)

  FULL-PERIOD RESULT: $100,000 -> $138,387  (+38.4%)   trades=362   Sharpe=+0.57   net PF=1.217

  TRADE OUTCOME SPLIT (362 total trades):
    Full profit (expired with short leg worthless / net win):    350  (96.7%)
    Partial loss (loss, but did NOT hit the full max-loss cap):     3  (0.8%)
    Full max loss (loss hit within 1% of the computed cap):         9  (2.5%)

======================================================================================================================
  1pct / UNFILTERED  --  ONE CONTINUOUS $100,000 ACCOUNT, 1993-01-29 -> 2026-06-16
======================================================================================================================
  year   active days   start equity     end equity  year return %
  ------------------------------------------------------------------------------------------------------------------
  1993             0        100,000        100,000          +0.0%
  1994           234        100,000        102,876          +2.9%
  1995           252        102,876        105,753          +2.8%
  1996           254        105,753        107,816          +2.0%
  1997           253        107,816        111,194          +3.1%
  1998           252        111,194        114,495          +3.0%
  1999           252        114,495        117,854          +2.9%
  2000           252        117,854        121,590          +3.2%
  2001           248        121,590        125,063          +2.9%
  2002           252        125,063        129,111          +3.2%
  2003           252        129,111        132,831          +2.9%
  2004           251        132,831        137,083          +3.2%
  2005           252        137,083        140,947          +2.8%
  2006           251        140,947        145,294          +3.1%
  2007           251        145,294        146,340          +0.7%
  2008           253        146,340        141,633          -3.2%
  2009           252        141,633        145,429          +2.7%
  2010           252        145,429        146,736          +0.9%
  2011           252        146,736        151,157          +3.0%
  2012           249        151,157        152,426          +0.8%
  2013           252        152,426        156,270          +2.5%
  2014           251        156,270        160,901          +3.0%
  2015           251        160,901        162,348          +0.9%
  2016           252        162,348        165,850          +2.2%
  2017           251        165,850        168,638          +1.7%
  2018           249        168,638        168,043          -0.4%
  2019           252        168,043        173,331          +3.1%
  2020           253        173,331        174,523          +0.7%
  2021           251        174,523        179,970          +3.1%
  2022           250        179,970        178,106          -1.0%
  2023           250        178,106        179,035          +0.5%
  2024           252        179,035        185,395          +3.6%
  2025           250        185,395        190,874          +3.0%
  2026           114        190,874        193,843          +1.6%
  ------------------------------------------------------------------------------------------------------------------
  TOTAL         8142        100,000        193,843         +93.8%

  MAX DRAWDOWN OF THE FULL COMBINED EQUITY CURVE:
    Peak equity $149,009 on 2007-10-31
    Trough equity $139,358 on 2008-11-20
    Max drawdown: 6.48%
    Recovered on 2011-07-11  (963 days trough->recovery, 1349 days total peak->recovery)

  FULL-PERIOD RESULT: $100,000 -> $193,843  (+93.8%)   trades=616   Sharpe=+1.04   net PF=1.305

  TRADE OUTCOME SPLIT (616 total trades):
    Full profit (expired with short leg worthless / net win):    599  (97.2%)
    Partial loss (loss, but did NOT hit the full max-loss cap):     7  (1.1%)
    Full max loss (loss hit within 1% of the computed cap):        10  (1.6%)

======================================================================================================================
  2pct / FILTERED  --  ONE CONTINUOUS $100,000 ACCOUNT, 1993-01-29 -> 2026-06-16
======================================================================================================================
  year   active days   start equity     end equity  year return %
  ------------------------------------------------------------------------------------------------------------------
  1993             0        100,000        100,000          +0.0%
  1994           182        100,000        101,944          +1.9%
  1995           116        101,944        103,151          +1.2%
  1996           246        103,151        105,791          +2.6%
  1997           248        105,791        107,134          +1.3%
  1998           181        107,134        107,098          -0.0%
  1999           112        107,098        108,527          +1.3%
  2000           163        108,527        110,648          +2.0%
  2001           127        110,648        112,385          +1.6%
  2002           192        112,385        109,992          -2.1%
  2003            69        109,992        111,036          +0.9%
  2004            75        111,036        112,028          +0.9%
  2005            81        112,028        112,968          +0.8%
  2006           134        112,968        114,532          +1.4%
  2007           206        114,532        117,233          +2.4%
  2008           190        117,233        117,266          +0.0%
  2009            81        117,266        118,419          +1.0%
  2010           106        118,419        119,940          +1.3%
  2011           158        119,940        120,862          +0.8%
  2012             3        120,862        120,965          +0.1%
  2013           173        120,965        123,152          +1.8%
  2014           156        123,152        125,169          +1.6%
  2015           222        125,169        125,641          +0.4%
  2016           129        125,641        125,224          -0.3%
  2017           103        125,224        126,569          +1.1%
  2018           238        126,569        129,761          +2.5%
  2019           104        129,761        131,384          +1.3%
  2020           184        131,384        132,029          +0.5%
  2021           104        132,029        133,696          +1.3%
  2022           186        133,696        133,725          +0.0%
  2023            52        133,725        134,554          +0.6%
  2024           133        134,554        136,490          +1.4%
  2025           209        136,490        139,013          +1.8%
  2026           102        139,013        140,663          +1.2%
  ------------------------------------------------------------------------------------------------------------------
  TOTAL         4765        100,000        140,663         +40.7%

  MAX DRAWDOWN OF THE FULL COMBINED EQUITY CURVE:
    Peak equity $113,305 on 2002-07-05
    Trough equity $109,157 on 2002-10-09
    Max drawdown: 3.66%
    Recovered on 2006-04-17  (1286 days trough->recovery, 1382 days total peak->recovery)

  FULL-PERIOD RESULT: $100,000 -> $140,663  (+40.7%)   trades=362   Sharpe=+0.65   net PF=1.260

  TRADE OUTCOME SPLIT (362 total trades):
    Full profit (expired with short leg worthless / net win):    350  (96.7%)
    Partial loss (loss, but did NOT hit the full max-loss cap):     7  (1.9%)
    Full max loss (loss hit within 1% of the computed cap):         5  (1.4%)

======================================================================================================================
  2pct / UNFILTERED  --  ONE CONTINUOUS $100,000 ACCOUNT, 1993-01-29 -> 2026-06-16
======================================================================================================================
  year   active days   start equity     end equity  year return %
  ------------------------------------------------------------------------------------------------------------------
  1993             0        100,000        100,000          +0.0%
  1994           234        100,000        102,468          +2.5%
  1995           252        102,468        104,877          +2.4%
  1996           254        104,877        107,156          +2.2%
  1997           253        107,156        110,400          +3.0%
  1998           252        110,400        113,628          +2.9%
  1999           252        113,628        116,934          +2.9%
  2000           252        116,934        120,503          +3.1%
  2001           248        120,503        123,992          +2.9%
  2002           252        123,992        127,992          +3.2%
  2003           252        127,992        131,551          +2.8%
  2004           251        131,551        135,313          +2.9%
  2005           252        135,313        138,531          +2.4%
  2006           251        138,531        142,081          +2.6%
  2007           251        142,081        143,248          +0.8%
  2008           253        143,248        140,139          -2.2%
  2009           252        140,139        144,188          +2.9%
  2010           252        144,188        145,327          +0.8%
  2011           252        145,327        149,564          +2.9%
  2012           249        149,564        150,506          +0.6%
  2013           252        150,506        154,043          +2.3%
  2014           251        154,043        157,979          +2.6%
  2015           251        157,979        158,810          +0.5%
  2016           252        158,810        162,383          +2.3%
  2017           251        162,383        165,259          +1.8%
  2018           249        165,259        166,563          +0.8%
  2019           252        166,563        171,195          +2.8%
  2020           253        171,195        172,479          +0.7%
  2021           251        172,479        177,483          +2.9%
  2022           250        177,483        177,275          -0.1%
  2023           250        177,275        178,589          +0.7%
  2024           252        178,589        184,075          +3.1%
  2025           250        184,075        189,133          +2.7%
  2026           114        189,133        191,791          +1.4%
  ------------------------------------------------------------------------------------------------------------------
  TOTAL         8142        100,000        191,791         +91.8%

  MAX DRAWDOWN OF THE FULL COMBINED EQUITY CURVE:
    Peak equity $145,260 on 2007-10-31
    Trough equity $137,795 on 2008-11-20
    Max drawdown: 5.14%
    Recovered on 2010-03-30  (495 days trough->recovery, 881 days total peak->recovery)

  FULL-PERIOD RESULT: $100,000 -> $191,791  (+91.8%)   trades=616   Sharpe=+1.15   net PF=1.352

  TRADE OUTCOME SPLIT (616 total trades):
    Full profit (expired with short leg worthless / net win):    599  (97.2%)
    Partial loss (loss, but did NOT hit the full max-loss cap):    10  (1.6%)
    Full max loss (loss hit within 1% of the computed cap):         7  (1.1%)

======================================================================================================================
  BUY-AND-HOLD SPY, SAME FULL SPAN 1993-01-29 -> 2026-06-16, SAME $100,000
======================================================================================================================
  Ending balance: $3,103,694   Total return: +3003.7%   Sharpe: +0.65
  Max drawdown: 55.2%  (peak $459,780 on 2007-10-09, trough $206,030 on 2009-03-09, recovered 2012-08-16)
