============================================================================================================================================
  ON-CHAIN SIGNAL -- SECTION 30.1  (bounded pre-registered extension of section 30)
  Read run_onchain_signal.py's docstring STEP 1 first: the metric is BTC active addresses,
  NOT the exchange-flow / whale-balance data the original brief named (paywalled everywhere free).
============================================================================================================================================

[data] active-address history : 2009-01-03 -> 2026-09-03 (6,417 days)
[data] BTCUSDT real-spread daily: 2018-01-01 -> 2026-08-31 (3,165 days)
[bench] Buy-and-hold BTC 2018-01-01..2026-08-31: $576,995 (+477.0%), CAGR +22.4%

  LOOK-AHEAD GUARD: PASS on every evaluated cell
  Cells evaluated: 102 / 102   (0 returned <5 qualifying trades -> no metrics)

############################################################################################################################################
  DEFLATED-SHARPE POOL  (stated explicitly, per the brief)
############################################################################################################################################
  PRIOR cumulative project trials (through section 30) : 1135
  NEW trials this batch (48 level + 48 accel + 6 regime): 102
  NEW CUMULATIVE TOTAL                                  : 1237
  batch Sharpe distribution: mean -0.600, sd 1.171, min -4.87, max +2.20
  E[max Sharpe] | batch structural pool  N=102   : +2.372
  E[max Sharpe] | full-cumulative pool   N=1237  : +3.283   <-- primary bar

############################################################################################################################################
  ALL CELLS, RANKED BY NET SHARPE  (full window 2018-01-01..2026-08-31; $100k start)
############################################################################################################################################
    # pt  variant  win   thr    dir   H    n   netSR    grSR  netPF   maxDD  topYr         end$  vsB&H   subA   subB  DSRbatch  DSRcum
  ------------------------------------------------------------------------------------------------------------------------------------
    1  2    accel   90  +2.0   long   5   48   +2.20   +3.55  1.421   26.3%    68% $   172,975   lose  +5.30  -1.12     0.447   0.204
    2  2    accel  180  +1.5   long   5  111   +1.16   +2.22  1.192   42.9%    89% $   186,061   lose  +1.26  +1.05     0.090   0.009
    3  1    level  180  +2.0   long  20   40   +1.08   +1.26  1.187   51.8%    76% $   294,205   lose  +1.22  +0.85     0.031   0.001
    4  1    level  180  +1.5   long  20   64   +1.07   +1.27  1.190   58.5%    58% $   489,625   lose  +1.11  +1.06     0.010   0.000
    5  1    level   90  +2.0   long  20   46   +0.87   +1.06  1.148   70.3%    59% $   237,225   lose  +0.95  +0.77     0.010   0.000
    6  2    accel  180  +1.5   long  20   71   +0.86   +1.05  1.142   66.3%    50% $   358,085   lose  +0.95  +0.74     0.002   0.000
    7  2    accel  180  +2.0   long   5   28   +0.85   +2.17  1.145   23.9%    93% $   109,692   lose  +1.24  +0.60     0.194   0.084
    8  2    accel  180  +2.0   long  20   23   +0.84   +1.07  1.148   43.9%   108% $   146,454   lose  +0.60  +1.10     0.050   0.004
    9  1    level   60  +2.0   long  20   47   +0.75   +0.94  1.126   61.9%    64% $   197,065   lose  +0.65  +0.93     0.006   0.000
   10  2    accel   90  +2.0   long  20   41   +0.71   +0.95  1.119   44.5%    77% $   169,451   lose  +1.05  +0.33     0.008   0.000
   11  1    level   30  +2.0   long   5   61   +0.68   +1.81  1.115   37.8%   143% $   116,850   lose  -0.14  +1.31     0.083   0.016
   12  1    level   60  +1.5   long  20   73   +0.68   +0.89  1.113   64.8%    56% $   235,956   lose  +1.02  +0.22     0.001   0.000
   13  1    level   90  +1.5   long  20   72   +0.65   +0.86  1.110   65.6%    70% $   220,762   lose  +0.76  +0.52     0.000   0.000
   14  1    level   60  +1.0   long  20  105   +0.58   +0.80  1.096   77.4%    44% $   244,803   lose  +0.95  +0.10     0.000   0.000
   15  1    level   30  +1.5   long  20   76   +0.56   +0.78  1.092   74.4%    61% $   183,840   lose  +1.34  -0.31     0.000   0.000
   16  2    accel   90  +1.0   long   5  340   +0.54   +1.62  1.087   54.8%    77% $   168,167   lose  +0.87  +0.14     0.000   0.000
   17  1    level  180  +1.0   long  20   90   +0.50   +0.72  1.084   80.1%    64% $   170,815   lose  +1.02  -0.23     0.000   0.000
   18  2    accel   90  +1.0   long  20  134   +0.49   +0.71  1.080   86.6%    42% $   208,770   lose  +0.61  +0.39     0.000   0.000
   19  2    accel   60  +1.5   long  20   92   +0.48   +0.70  1.078   68.9%    66% $   161,375   lose  +0.98  -0.22     0.000   0.000
   20  2    accel  180  +1.0   long   5  318   +0.46   +1.55  1.075   76.5%    80% $   138,154   lose  +1.46  -0.83     0.000   0.000
   21  1    level   90  +1.0   long  20  102   +0.42   +0.65  1.069   85.9%    62% $   143,224   lose  +0.86  -0.13     0.000   0.000
   22  2    accel  180  +1.0   long  20  128   +0.42   +0.65  1.069   82.7%    57% $   155,269   lose  +0.69  +0.10     0.000   0.000
   23  1    level   30  +1.0   long  20  108   +0.41   +0.63  1.067   66.4%    50% $   139,595   lose  +0.68  +0.06     0.000   0.000
   24  2    accel   90  +1.5   long  20   93   +0.39   +0.63  1.064   80.7%    68% $   129,891   lose  +0.80  -0.02     0.000   0.000
   25  1    level   30  +2.0   long  20   47   +0.39   +0.64  1.062   61.9%   123% $   114,000   lose  +0.46  +0.34     0.001   0.000
   26  1    level  180  +1.5   long   5  140   +0.36   +1.25  1.063   66.7%   197% $   103,076   lose  +0.59  -0.10     0.007   0.000
   27  2    accel   30  +2.0   long  20   71   +0.31   +0.53  1.050   65.9%    86% $    99,718   lose  +0.77  -0.43     0.000   0.000
   28  2    accel   30  +1.0   long  20  147   +0.30   +0.52  1.049   76.1%    60% $    92,462   lose  +0.68  -0.33     0.000   0.000
   29  2    accel   60  +1.5   long   5  178   +0.28   +1.20  1.047   65.8%   164% $    92,043   lose  +1.01  -0.97     0.002   0.000
   30  3 regime_f  180  -1.5 hold-B   -  403   +0.19   +0.51  1.031   83.0%    92% $    56,998   lose  +0.57  -0.29     0.000   0.000
   31  2    accel   90  +1.5   long   5  168   +0.15   +1.33  1.024   45.1%   581% $    87,143   lose  +0.69  -0.38     0.001   0.000
   32  3 regime_f   90  -1.5 hold-B   -  443   +0.14   +0.48  1.024   85.8%    86% $    47,796   lose  +0.48  -0.26     0.000   0.000
   33  1    level  180  +1.0   long   5  230   +0.10   +1.12  1.017   75.1%   327% $    72,019   lose  +0.68  -0.87     0.000   0.000
   34  3 regime_f  180  -1.0 hold-B   -  613   +0.08   +0.57  1.014   86.7%    80% $    40,313   lose  +0.59  -0.55     0.000   0.000
   35  2    accel   60  +1.0   long  20  132   +0.06   +0.28  1.009   85.9%   170% $    33,333   lose  +0.40  -0.27     0.000   0.000
   36  2    accel   60  +2.0   long  20   46   +0.05   +0.26  1.009   77.0%   222% $    62,258   lose  -0.11  +0.20     0.000   0.000
   37  2    accel   30  +1.5   long  20  127   +0.02   +0.25  1.004   82.3%   320% $    31,570   lose  +0.23  -0.23     0.000   0.000
   38  1    level   60  +1.0   long   5  255   -0.05   +1.04  0.993   84.8%   769% $    55,857   lose  +0.92  -1.29     0.000   0.000
   39  1    level   60  +1.5   long   5  139   -0.08   +0.95  0.987   54.6%    n/a $    70,204   lose  +0.72  -1.22     0.001   0.000
   40  1    level  180  +2.0   long   5   73   -0.09   +0.79  0.986   53.3%    n/a $    80,895   lose  +0.06  -0.43     0.014   0.001
   41  3 regime_f   90  -1.0 hold-B   -  729   -0.10   +0.47  0.983   90.5%   273% $    17,121   lose  +0.36  -0.67     0.000   0.000
   42  1    level   90  +2.0   long   5   69   -0.12   +0.81  0.982   58.8%  1809% $    79,801   lose  -0.60  +0.67     0.015   0.002
   43  3 regime_f   90  -0.5 hold-B   -  865   -0.15   +0.60  0.973   94.8%    n/a $    17,510   lose  +0.56  -1.01     0.000   0.000
   44  1    level   90  +1.0   long   5  246   -0.19   +0.89  0.970   79.1%    n/a $    45,381   lose  +0.22  -0.75     0.000   0.000
   45  3 regime_f  180  -0.5 hold-B   -  827   -0.20   +0.52  0.963   95.2%    n/a $    14,238   lose  +0.50  -1.09     0.000   0.000
   46  1    level   30  +1.0   long   5  261   -0.20   +0.91  0.969   84.3%    n/a $    44,025   lose  +0.99  -1.70     0.000   0.000
   47  2    accel   60  +1.0   long   5  367   -0.25   +0.80  0.961   89.6%    n/a $    23,576   lose  +0.72  -1.65     0.000   0.000
   48  2    accel   30  +2.0   long   5  110   -0.29   +0.69  0.954   53.9%    n/a $    62,180   lose  +0.46  -1.77     0.002   0.000
   49  1    level   90  +1.5   long   5  150   -0.30   +0.74  0.953   68.8%    n/a $    55,629   lose  +0.48  -1.46     0.000   0.000
   50  2    accel   60  +2.0  short  20   46   -0.46   -0.26  0.929   81.9%    n/a $    27,109   lose  -0.09  -0.80     0.000   0.000
   51  1    level   60  +2.0   long   5   60   -0.48   +0.51  0.927   55.3%    n/a $    70,639   lose  -1.21  +0.37     0.011   0.001
   52  2    accel   30  +1.5  short  20  127   -0.48   -0.25  0.928   98.3%    n/a $     4,105   lose  -0.48  -0.50     0.000   0.000
   53  2    accel   30  +1.0   long   5  424   -0.49   +0.58  0.926   95.0%    n/a $     9,810   lose  +0.47  -1.88     0.000   0.000
   54  2    accel   60  +1.0  short  20  132   -0.50   -0.28  0.924   98.6%    n/a $     3,108   lose  -0.64  -0.50     0.000   0.000
   55  2    accel   30  +1.5   long   5  306   -0.52   +0.55  0.921   85.7%    n/a $    17,840   lose  +0.05  -1.35     0.000   0.000
   56  2    accel   30  +1.0  short  20  147   -0.75   -0.52  0.889   99.8%    n/a $       595   lose  -0.91  -0.43     0.000   0.000
   57  2    accel   30  +2.0  short  20   71   -0.75   -0.53  0.888   95.4%    n/a $     9,091   lose  -1.02  -0.34     0.000   0.000
   58  2    accel   60  +2.0  short   5   57   -0.81   +0.20  0.882   51.5%    n/a $    63,119   lose  +0.42  -1.74     0.006   0.001
   59  1    level   30  +1.0  short  20  108   -0.85   -0.63  0.875   99.3%    n/a $     1,660   lose  -0.93  -0.76     0.000   0.000
   60  2    accel   90  +1.5  short  20   93   -0.86   -0.63  0.874   98.4%    n/a $     3,256   lose  -1.03  -0.70     0.000   0.000
   61  1    level   90  +1.0  short  20  102   -0.87   -0.65  0.871   99.1%    n/a $     1,897   lose  -1.11  -0.59     0.000   0.000
   62  2    accel  180  +1.0  short  20  128   -0.87   -0.65  0.871   99.8%    n/a $       696   lose  -0.92  -0.84     0.000   0.000
   63  1    level   30  +1.5  short   5  132   -0.87   +0.27  0.872   73.7%    n/a $    36,657   lose  -0.29  -1.49     0.000   0.000
   64  1    level   30  +2.0  short  20   47   -0.89   -0.64  0.872   84.2%    n/a $    16,962   lose  -0.72  -1.04     0.000   0.000
   65  2    accel   60  +1.5  short  20   92   -0.91   -0.70  0.867   98.6%    n/a $     2,164   lose  -1.21  -0.51     0.000   0.000
   66  2    accel   90  +1.0  short  20  134   -0.93   -0.71  0.864   99.9%    n/a $       402   lose  -0.84  -1.13     0.000   0.000
   67  1    level  180  +1.0  short  20   90   -0.93   -0.72  0.860   99.1%    n/a $     2,526   lose  -1.26  -0.51     0.000   0.000
   68  1    level   30  +1.5  short  20   76   -1.00   -0.78  0.854   97.9%    n/a $     3,712   lose  -1.58  -0.38     0.000   0.000
   69  1    level   60  +1.0  short  20  105   -1.03   -0.80  0.850   99.3%    n/a $     1,072   lose  -1.21  -0.82     0.000   0.000
   70  1    level   90  +1.5  short  20   72   -1.07   -0.86  0.842   98.2%    n/a $     3,309   lose  -1.00  -1.21     0.000   0.000
   71  1    level   60  +1.5  short  20   73   -1.09   -0.89  0.840   98.7%    n/a $     2,783   lose  -1.25  -0.92     0.000   0.000
   72  1    level   60  +2.0  short  20   47   -1.14   -0.94  0.835   95.5%    n/a $     8,704   lose  -0.86  -1.58     0.000   0.000
   73  2    accel   90  +2.0  short  20   41   -1.19   -0.95  0.829   88.5%    n/a $    14,316   lose  -1.26  -1.19     0.000   0.000
   74  2    accel   60  +2.0   long   5   57   -1.23   -0.20  0.826   62.1%    n/a $    54,258   lose  -1.47  -1.06     0.003   0.000
   75  2    accel  180  +1.5  short  20   71   -1.24   -1.05  0.825   98.5%    n/a $     2,247   lose  -1.20  -1.33     0.000   0.000
   76  1    level   90  +2.0  short  20   46   -1.25   -1.06  0.820   97.4%    n/a $     6,882   lose  -1.17  -1.45     0.000   0.000
   77  2    accel  180  +2.0  short  20   23   -1.30   -1.07  0.808   75.0%    n/a $    32,316   lose  -0.82  -1.78     0.000   0.000
   78  1    level   30  +1.5   long   5  132   -1.42   -0.27  0.797   82.4%    n/a $    23,046   lose  -0.98  -1.89     0.000   0.000
   79  1    level  180  +2.0  short  20   40   -1.43   -1.26  0.796   95.5%    n/a $     6,924   lose  -1.43  -1.56     0.000   0.000
   80  1    level  180  +1.5  short  20   64   -1.47   -1.27  0.788   98.6%    n/a $     2,179   lose  -1.35  -1.76     0.000   0.000
   81  1    level   60  +2.0  short   5   60   -1.49   -0.51  0.792   69.5%    n/a $    45,380   lose  +0.16  -3.43     0.001   0.000
   82  2    accel   30  +1.5  short   5  306   -1.61   -0.55  0.776   98.8%    n/a $     1,811   lose  -1.15  -2.32     0.000   0.000
   83  2    accel   30  +1.0  short   5  424   -1.63   -0.58  0.774   99.7%    n/a $       348   lose  -1.59  -1.77     0.000   0.000
   84  2    accel   30  +2.0  short   5  110   -1.66   -0.69  0.767   82.2%    n/a $    21,817   lose  -1.49  -2.06     0.000   0.000
   85  1    level  180  +2.0  short   5   73   -1.67   -0.79  0.769   64.2%    n/a $    35,349   lose  -1.12  -2.87     0.000   0.000
   86  1    level   90  +2.0  short   5   69   -1.73   -0.81  0.758   77.5%    n/a $    34,807   lose  -0.56  -3.67     0.000   0.000
   87  1    level   90  +1.5  short   5  150   -1.78   -0.74  0.751   88.3%    n/a $    13,006   lose  -1.75  -1.87     0.000   0.000
   88  2    accel   60  +1.0  short   5  367   -1.84   -0.80  0.744   99.7%    n/a $       391   lose  -1.84  -1.94     0.000   0.000
   89  1    level   90  +1.0  short   5  246   -1.95   -0.89  0.729   98.0%    n/a $     2,623   lose  -1.48  -2.64     0.000   0.000
   90  1    level   60  +1.5  short   5  139   -1.98   -0.95  0.728   88.6%    n/a $    12,202   lose  -1.96  -2.02     0.000   0.000
   91  1    level   30  +1.0  short   5  261   -2.02   -0.91  0.727   97.8%    n/a $     2,178   lose  -2.29  -1.71     0.000   0.000
   92  2    accel   60  +1.5  short   5  178   -2.11   -1.20  0.709   96.6%    n/a $     3,648   lose  -2.03  -2.38     0.000   0.000
   93  1    level  180  +1.5  short   5  140   -2.12   -1.25  0.702   93.6%    n/a $     8,693   lose  -1.75  -2.96     0.000   0.000
   94  1    level   60  +1.0  short   5  255   -2.13   -1.04  0.711   98.2%    n/a $     1,772   lose  -2.21  -2.06     0.000   0.000
   95  1    level  180  +1.0  short   5  230   -2.14   -1.12  0.705   98.1%    n/a $     2,219   lose  -1.90  -2.63     0.000   0.000
   96  2    accel   90  +1.5  short   5  168   -2.49   -1.33  0.685   94.7%    n/a $     5,239   lose  -1.87  -3.13     0.000   0.000
   97  2    accel  180  +1.0  short   5  318   -2.64   -1.55  0.655   99.8%    n/a $       187   lose  -2.61  -2.80     0.000   0.000
   98  2    accel   90  +1.0  short   5  340   -2.70   -1.62  0.657   99.9%    n/a $       100   lose  -1.98  -3.66     0.000   0.000
   99  1    level   30  +2.0  short   5   61   -2.91   -1.81  0.636   76.5%    n/a $    26,713   lose  -1.08  -4.29     0.000   0.000
  100  2    accel  180  +1.5  short   5  111   -3.28   -2.22  0.609   92.5%    n/a $     7,664   lose  -2.59  -4.13     0.000   0.000
  101  2    accel  180  +2.0  short   5   28   -3.49   -2.17  0.575   42.6%    n/a $    56,700   lose  -2.57  -4.12     0.000   0.000
  102  2    accel   90  +2.0  short   5   48   -4.87   -3.55  0.464   76.9%    n/a $    23,139   lose  -6.45  -3.44     0.000   0.000

  Buy-and-hold BTC, full window: $576,995   |   sub 2018-2021: $344,216   |   sub 2022-2025: $163,609

############################################################################################################################################
  PART 3 DETAIL -- regime filter on default buy-and-hold (targets section 30's 'sits in cash too much')
############################################################################################################################################
   win unhealthy z<=  %inBTC switches   netSR  netPF   maxDD         end$  vsB&H    CAGR
    90          -1.5   90.5%      443   +0.14  1.024   85.8% $    47,796   lose   -8.2%
    90          -1.0   80.4%      729   -0.10  0.983   90.5% $    17,121   lose  -18.4%
    90          -0.5   68.2%      865   -0.15  0.973   94.8% $    17,510   lose  -18.2%
   180          -1.5   91.1%      403   +0.19  1.031   83.0% $    56,998   lose   -6.3%
   180          -1.0   81.0%      613   +0.08  1.014   86.7% $    40,313   lose  -10.0%
   180          -0.5   66.7%      827   -0.20  0.963   95.2% $    14,238   lose  -20.1%
  buy-and-hold reference: $576,995, CAGR +22.4%, 100% in BTC, 0 switches

############################################################################################################################################
  REGIME SUB-SPLIT -- 2018-2021 (bull-heavy) vs 2022-2025 (mixed, incl. 2022 bear)
  NOT a true out-of-regime test: no free pre-2018 real-spread BTCUSDT data exists (Binance starts
  2017-08). Same caveat as section 30 / section 28. Columns subA / subB in the table above.
############################################################################################################################################
  cells with a Sharpe SIGN FLIP between the two sub-periods: 37 / 102  (instability is the rule, not the exception)

############################################################################################################################################
  VERDICT
############################################################################################################################################
  Best cell by net Sharpe: part 2 / accel / window 90 / thr +2.0 / dir long / H 5
    net Sharpe +2.20, gross Sharpe +3.55, net PF 1.421, maxDD 26.3%, end $172,975 vs B&H $576,995 (loses to B&H)
    DSR (batch pool N=102) 0.447  |  DSR (cumulative pool N=1237) 0.204  (bar 0.95)

  Cells that BEAT buy-and-hold BTC in ending dollars: 0 / 102
  Cells that ALSO clear DSR >= 0.95 on the full cumulative pool (N=1237): 0
  NO cell beats buy-and-hold BTC AND clears the DSR bar for the true, now-larger trial count.
  A wide, pre-registered search of this specific free dataset -- 102 cells across level surge,
  its acceleration, both directions, four lookbacks, three thresholds, two holds, and a
  regime-filter-on-buy-and-hold -- came up EMPTY. That is real evidence the free BTC active-address
  series carries no tradeable edge over simply owning BTC, not a reason to keep parameter-hunting it.

  NEW TRIALS THIS BATCH: 102.  CUMULATIVE PROJECT TRIALS: 1237 (1135 prior + 102).
  saved -> results/onchain_ext.csv (ranked, evaluated cells), results/onchain_ext_all_cells.csv (raw incl. insufficient)
============================================================================================================================================
