============================================================================================================================================
  POST-EARNINGS-ANNOUNCEMENT DRIFT (PEAD)  --  event-driven, yfinance earnings-surprise data
============================================================================================================================================

[data] fetching / loading earnings + prices ...
  earnings rows (all names, all dates): 6,163
  price panel: 63 names, 2004-06-01..2026-08-31, 5,598 days

############################################################################################################################################
  DATA QUALITY -- reported FIRST, per the brief
############################################################################################################################################
  raw earnings events in window 2006-01-01..2026-08-31 : 5,139
  ... with BOTH EPS Estimate and Reported EPS present        : 5,085 (98.9%)
  ... with a computable causal SUE and price coverage        : 4,735
  distinct names contributing events                         : 63
  event entry-date span                                      : 2006-12-21 .. 2026-05-29
  announcements before market open (06:00-08:59 ET)          : 64%  (rest are after-close 16:00 or ~1% during-hours -> entry deferred one day)

  LOOK-AHEAD GUARD: every entry day strictly after its announcement timestamp -> PASS  (min gap 8.0 h)

  KEY TRUST LIMITATION (unfixable with free data): the 'EPS Estimate' is Yahoo's CURRENT record of
  consensus, not a verified pre-announcement snapshot. A restated estimate biases surprises toward
  looking MORE predictive than they were -> a KILL is robust, a positive would need paid PIT data.
  Survivorship: fixed set of names solvent & large-cap TODAY (blow-ups/acquisitions absent) -> inflates
  the LONG-beat leg's realised drift. Both stated, not corrected.

############################################################################################################################################
  RESULT -- 12 cells, daily-rebalanced equal-weight, real costs (10bps r/t + 2.0%/yr short carry)
  Full window 2006-01-01..2026-08-31   |   equal-weight B&H of the universe: Sharpe +0.85, CAGR +15.8%, maxDD 48%
############################################################################################################################################
  cell                  events      L/S n  ev drift  ev win%   netSR  grossSR  netPF    CAGR   maxDD   topYr  beatsBH
  ------------------------------------------------------------------------------------------------------------------------------------------
     L/S SUE>1.0 20d      2295 2044/251         +1.15%      58%   +0.57    +0.66   1.12   +9.8%     39%     17%       no
     L/S SUE>1.0 60d      2295 2044/251         +2.94%      61%   +0.86    +0.91   1.17  +11.6%     32%     11%       no
     L/S SUE>1.5 20d      1599 1438/161         +1.28%      59%   +0.46    +0.54   1.10   +8.0%     49%     21%       no
     L/S SUE>1.5 60d      1599 1438/161         +3.37%      62%   +0.91    +0.95   1.18  +12.8%     29%     11%       no
     L/S SUE>2.0 20d      1098 984/114         +1.25%      59%   +0.42    +0.49   1.09   +7.5%     50%     29%       no
     L/S SUE>2.0 60d      1098 984/114         +3.36%      61%   +0.76    +0.80   1.16  +11.9%     34%     13%       no
  L-only SUE>1.0 20d      2044 2044/0           +1.26%      58%   +0.67    +0.74   1.14  +13.2%     39%     16%       no
  L-only SUE>1.0 60d      2044 2044/0           +3.63%      64%   +0.80    +0.83   1.17  +14.4%     46%     11%       no
  L-only SUE>1.5 20d      1438 1438/0           +1.43%      60%   +0.64    +0.70   1.13  +13.2%     45%     16%       no
  L-only SUE>1.5 60d      1438 1438/0           +3.98%      65%   +0.81    +0.83   1.17  +14.8%     42%     11%       no
  L-only SUE>2.0 20d       984 984/0           +1.42%      60%   +0.62    +0.67   1.13  +13.0%     46%     20%       no
  L-only SUE>2.0 60d       984 984/0           +4.03%      64%   +0.73    +0.76   1.15  +13.8%     39%     13%       no

############################################################################################################################################
  OUT-OF-REGIME -- IS 2006-01-01..2015-12 vs OOS 2016-01..2026-08-31  (B&H IS SR +0.70 / OOS SR +1.05)
############################################################################################################################################
  cell                   IS n   IS SR  IS PF  IS CAGR |  OOS n  OOS SR OOS PF  OOS CAGR |  2008-09 SR  2008-09 CAGR
     L/S SUE>1.0 20d      971   +0.50   1.11    +8.5% |   1322   +0.64   1.14    +10.9% |       -0.08         -7.8%
     L/S SUE>1.0 60d      945   +0.64   1.13    +8.8% |   1322   +1.12   1.23    +14.9% |       -0.16         -6.0%
     L/S SUE>1.5 20d      652   +0.26   1.05    +3.3% |    946   +0.65   1.14    +12.4% |       -0.34        -16.9%
     L/S SUE>1.5 60d      633   +0.70   1.14    +9.8% |    946   +1.14   1.24    +16.0% |       -0.03         -2.8%
     L/S SUE>2.0 20d      444   +0.32   1.07    +4.9% |    654   +0.51   1.11     +9.6% |       -0.08        -10.1%
     L/S SUE>2.0 60d      430   +0.63   1.12    +9.1% |    654   +0.89   1.21    +15.2% |       +0.16         +1.0%
  L-only SUE>1.0 20d      835   +0.68   1.13   +13.9% |   1208   +0.68   1.14    +13.0% |       +0.47        +11.1%
  L-only SUE>1.0 60d      812   +0.65   1.13   +11.8% |   1208   +1.00   1.22    +17.4% |       +0.14         -0.8%
  L-only SUE>1.5 20d      568   +0.54   1.11   +11.1% |    869   +0.75   1.16    +15.3% |       +0.45        +10.6%
  L-only SUE>1.5 60d      551   +0.69   1.14   +12.6% |    869   +0.96   1.21    +17.3% |       +0.24         +2.4%
  L-only SUE>2.0 20d      386   +0.63   1.12   +13.8% |    598   +0.61   1.13    +12.4% |       +0.54        +14.6%
  L-only SUE>2.0 60d      373   +0.61   1.12   +11.1% |    598   +0.87   1.19    +16.7% |       +0.27         +3.4%
  (equal-weight B&H over 2008-2009: Sharpe +0.24, CAGR +2.1%)

############################################################################################################################################
  PER-YEAR NET RETURN (compounded within year) -- concentration check
############################################################################################################################################
     L/S SUE>1.0 20d   2006:+1 2007:+17 2008:-31 2009:+20 2010:+6 2011:+25 2012:+13 2013:+26 2014:+9 2015:+1 2016:+10 2017:+11 2018:+1 2019:+35 2020:-0 2021:+22 2022:-8 2023:+29 2024:+20 2025:+4 2026:-2   [top-year 17%]
     L/S SUE>1.0 60d   2006:+1 2007:+11 2008:-12 2009:+1 2010:+8 2011:+11 2012:+10 2013:+26 2014:+22 2015:+4 2016:+12 2017:+22 2018:+3 2019:+27 2020:+18 2021:+22 2022:-10 2023:+7 2024:+23 2025:+16 2026:+17   [top-year 11%]
     L/S SUE>1.5 20d   2006:+1 2007:+30 2008:-39 2009:+14 2010:+2 2011:+21 2012:-9 2013:+26 2014:-1 2015:+2 2016:+4 2017:+17 2018:+13 2019:+34 2020:-8 2021:+24 2022:-7 2023:+38 2024:+23 2025:+4 2026:-6   [top-year 21%]
     L/S SUE>1.5 60d   2006:+1 2007:+16 2008:-6 2009:+4 2010:+5 2011:+12 2012:+9 2013:+21 2014:+21 2015:+6 2016:+11 2017:+22 2018:+4 2019:+30 2020:+19 2021:+28 2022:-7 2023:+2 2024:+28 2025:+19 2026:+15   [top-year 11%]
     L/S SUE>2.0 20d   2006:+1 2007:+26 2008:-32 2009:+18 2010:-1 2011:+14 2012:-9 2013:+28 2014:+0 2015:+10 2016:-5 2017:+23 2018:+12 2019:+48 2020:-12 2021:+36 2022:-16 2023:+28 2024:+11 2025:-0 2026:-11   [top-year 29%]
     L/S SUE>2.0 60d   2006:+1 2007:+14 2008:+1 2009:+3 2010:+0 2011:+9 2012:+9 2013:+23 2014:+12 2015:+12 2016:+5 2017:+24 2018:+3 2019:+33 2020:+8 2021:+32 2022:+3 2023:+0 2024:+22 2025:+15 2026:+14   [top-year 13%]
  L-only SUE>1.0 20d   2006:+1 2007:+16 2008:-16 2009:+32 2010:+4 2011:+16 2012:+27 2013:+34 2014:+8 2015:+6 2016:+10 2017:+9 2018:-0 2019:+43 2020:-2 2021:+30 2022:-9 2023:+33 2024:+24 2025:+6 2026:-2   [top-year 16%]
  L-only SUE>1.0 60d   2006:+1 2007:+15 2008:-27 2009:+25 2010:+11 2011:+11 2012:+19 2013:+34 2014:+24 2015:+5 2016:+15 2017:+23 2018:+1 2019:+33 2020:+17 2021:+27 2022:-8 2023:+12 2024:+26 2025:+19 2026:+19   [top-year 11%]
  L-only SUE>1.5 20d   2006:+1 2007:+34 2008:-21 2009:+40 2010:+2 2011:+10 2012:+7 2013:+31 2014:-2 2015:+3 2016:+8 2017:+12 2018:+13 2019:+42 2020:-3 2021:+25 2022:-3 2023:+42 2024:+26 2025:+7 2026:-5   [top-year 16%]
  L-only SUE>1.5 60d   2006:+1 2007:+19 2008:-25 2009:+33 2010:+10 2011:+11 2012:+22 2013:+27 2014:+22 2015:+7 2016:+16 2017:+21 2018:+2 2019:+35 2020:+15 2021:+31 2022:-10 2023:+6 2024:+29 2025:+20 2026:+17   [top-year 11%]
  L-only SUE>2.0 20d   2006:+1 2007:+32 2008:-18 2009:+44 2010:+0 2011:+8 2012:+4 2013:+35 2014:+4 2015:+10 2016:+2 2017:+14 2018:+11 2019:+52 2020:-6 2021:+38 2022:-10 2023:+23 2024:+17 2025:+5 2026:-11   [top-year 20%]
  L-only SUE>2.0 60d   2006:+1 2007:+14 2008:-24 2009:+33 2010:+8 2011:+8 2012:+22 2013:+27 2014:+14 2015:+11 2016:+11 2017:+23 2018:+1 2019:+38 2020:+15 2021:+35 2022:-6 2023:+1 2024:+25 2025:+17 2026:+15   [top-year 13%]

############################################################################################################################################
  DEFLATED SHARPE -- REFERENCE ONLY (not a survival gate). Pool = the 12 a priori cells.
############################################################################################################################################
  pool n=12  mean +0.688  sd 0.152  ->  E[max SR] +0.941
  best cell:    L/S SUE>1.5 60d  net Sharpe +0.91  ->  DSR 0.440  (vs 0.95 bar)

############################################################################################################################################
  DIAGNOSTIC -- raw Surprise(%) thresholds instead of SUE (not a counted trial). L/S, 20d & 60d.
############################################################################################################################################
   surp>   5% 20d : n= 2575  ev drift +1.04%  netSR +0.41  netPF 1.09  CAGR +6.8%
   surp>   5% 60d : n= 2575  ev drift +2.85%  netSR +0.83  netPF 1.17  CAGR +11.3%
   surp>  10% 20d : n= 1560  ev drift +1.33%  netSR +0.42  netPF 1.09  CAGR +7.4%
   surp>  10% 60d : n= 1560  ev drift +3.31%  netSR +0.82  netPF 1.17  CAGR +12.1%
   surp>  20% 20d : n=  723  ev drift +1.77%  netSR +0.22  netPF 1.05  CAGR +2.1%
   surp>  20% 60d : n=  723  ev drift +3.25%  netSR +0.66  netPF 1.14  CAGR +12.0%

============================================================================================================================================
  VERDICT
============================================================================================================================================
  cells scored: 12   net Sharpe>0: 12/12   net PF>1: 12/12
  beats equal-weight B&H (Sharpe AND CAGR): 0/12   OOS holds: 12/12   not year-concentrated: 12/12
  SURVIVORS: 0/12
  best raw net Sharpe:    L/S SUE>1.5 60d -> SR +0.91, PF 1.18, CAGR +12.8% (vs B&H +15.8%), maxDD 29%, top-year 11%, OOS holds YES
  mean per-event signed drift across cells: +2.42% over the hold  (gross, before the daily-book costs)

  -> KILL. Post-earnings-announcement drift, as capturable here (SUE on free yfinance surprise data,
     T+1 entry that skips the announcement jump, real large-cap costs, 20/60-day holds), does not
     produce a cost-surviving, regime-robust, better-than-buy-and-hold edge. The gross drift is
     [see mean per-event drift above]; the daily-rebalanced net portfolio [see table].
     NOTE the data caveats CUT TOWARD leniency here (restated estimates + survivorship both flatter
     the result), so the kill is not a data-quality artefact -- it is despite an optimistic setup.

  NEW TRIALS: 12 (3 SUE thresholds x 2 horizons x [long/short, long-only]).  CUMULATIVE: 1073 + 12 = 1085
  (raw Surprise(%) variant + OOS/GFC sub-splits are diagnostics of those 12 cells, not separate configs.)
  LOOK-AHEAD GUARD: PASS (min gap 8.0h, every entry strictly after its announcement).
  saved -> results/post_earnings_drift.csv, post_earnings_drift_scored.csv, post_earnings_drift_run.log
