STRATEGY 2 -- BOLLINGER BAND MEAN-REVERSION (20, 2.0), daily, all instruments

====================================================================================================================
  BOLLINGER (20,2.0) -- XAUUSD
====================================================================================================================
  Span: 2017-01-02 -> 2025-12-31   Position changes: 143

  year     start equity     end equity  year return %
  2017          100,000        100,037          +0.0%
  2018          100,037         99,976          -0.1%
  2019           99,976         99,891          -0.1%
  2020           99,891         99,982          +0.1%
  2021           99,982        100,040          +0.1%
  2022          100,040        100,091          +0.1%
  2023          100,091        100,206          +0.1%
  2024          100,206        100,231          +0.0%
  2025          100,231         99,836          -0.4%

  FULL-PERIOD: $100,000 -> $99,836 (-0.2%)   Sharpe -0.18   net PF 0.954
  MAX DRAWDOWN: 0.5%  (peak 2024-05-23, trough 2025-12-26, NOT recovered)
  TOP-YEAR CONCENTRATION: n/a (total<=0)  -> not concentrated
  BUY-AND-HOLD: $375,413 (+275.4%, Sharpe +1.18, maxDD 20.4%)  -> strategy loses to B&H

====================================================================================================================
  BOLLINGER (20,2.0) -- EURUSD
====================================================================================================================
  Span: 2013-01-01 -> 2025-12-30   Position changes: 293

  year     start equity     end equity  year return %
  2013          100,000        100,076          +0.1%
  2014          100,076        100,064          -0.0%
  2015          100,064        100,094          +0.0%
  2016          100,094        100,205          +0.1%
  2017          100,205        100,183          -0.0%
  2018          100,183        100,152          -0.0%
  2019          100,152        100,212          +0.1%
  2020          100,212        100,199          -0.0%
  2021          100,199        100,176          -0.0%
  2022          100,176        100,210          +0.0%
  2023          100,210        100,206          -0.0%
  2024          100,206        100,212          +0.0%
  2025          100,212        100,234          +0.0%

  FULL-PERIOD: $100,000 -> $100,234 (+0.2%)   Sharpe +0.28   net PF 1.073
  MAX DRAWDOWN: 0.1%  (peak 2014-07-20, trough 2015-03-15, recovered 2016-03-03)
  TOP-YEAR CONCENTRATION: 48%  -> not concentrated
  BUY-AND-HOLD: $88,994 (-11.0%, Sharpe -0.07, maxDD 31.1%)  -> strategy BEATS B&H
  OUT-OF-REGIME split: IS Sharpe +0.51  OOS Sharpe +0.11  OOS PF 1.028  -> HOLDS

====================================================================================================================
  BOLLINGER (20,2.0) -- NAS100
====================================================================================================================
  Span: 2013-09-30 -> 2025-12-31   Position changes: 226

  year     start equity     end equity  year return %
  2013          100,000         99,986          -0.0%
  2014           99,986        100,056          +0.1%
  2015          100,056        100,294          +0.2%
  2016          100,294        100,448          +0.2%
  2017          100,448        100,462          +0.0%
  2018          100,462        100,653          +0.2%
  2019          100,653        100,708          +0.1%
  2020          100,708        100,669          -0.0%
  2021          100,669        100,703          +0.0%
  2022          100,703        100,679          -0.0%
  2023          100,679        100,803          +0.1%
  2024          100,803        100,905          +0.1%
  2025          100,905        101,053          +0.1%

  FULL-PERIOD: $100,000 -> $101,053 (+1.1%)   Sharpe +0.60   net PF 1.181
  MAX DRAWDOWN: 0.3%  (peak 2019-10-29, trough 2020-08-27, recovered 2022-03-09)
  TOP-YEAR CONCENTRATION: 23%  -> not concentrated
  BUY-AND-HOLD: $783,733 (+683.7%, Sharpe +0.93, maxDD 35.7%)  -> strategy loses to B&H
  OUT-OF-REGIME split: IS Sharpe +1.10  OOS Sharpe +0.45  OOS PF 1.131  -> HOLDS

====================================================================================================================
  BOLLINGER (20,2.0) -- US30
====================================================================================================================
  Span: 2013-09-30 -> 2025-12-31   Position changes: 214

  year     start equity     end equity  year return %
  2013          100,000        100,027          +0.0%
  2014          100,027        100,098          +0.1%
  2015          100,098        100,205          +0.1%
  2016          100,205        100,138          -0.1%
  2017          100,138        100,069          -0.1%
  2018          100,069        100,172          +0.1%
  2019          100,172        100,161          -0.0%
  2020          100,161        100,172          +0.0%
  2021          100,172        100,248          +0.1%
  2022          100,248        100,282          +0.0%
  2023          100,282        100,335          +0.1%
  2024          100,335        100,406          +0.1%
  2025          100,406        100,506          +0.1%

  FULL-PERIOD: $100,000 -> $100,506 (+0.5%)   Sharpe +0.32   net PF 1.117
  MAX DRAWDOWN: 0.4%  (peak 2020-03-04, trough 2020-03-22, recovered 2021-02-25)
  TOP-YEAR CONCENTRATION: 21%  -> not concentrated
  BUY-AND-HOLD: $317,539 (+217.5%, Sharpe +0.66, maxDD 37.0%)  -> strategy loses to B&H
  OUT-OF-REGIME split: IS Sharpe +0.22  OOS Sharpe +0.37  OOS PF 1.133  -> HOLDS

====================================================================================================================
  BOLLINGER (20,2.0) -- SPX500
====================================================================================================================
  Span: 2017-01-03 -> 2025-12-31   Position changes: 192

  year     start equity     end equity  year return %
  2017          100,000         99,981          -0.0%
  2018           99,981        100,082          +0.1%
  2019          100,082         99,960          -0.1%
  2020           99,960         99,925          -0.0%
  2021           99,925        100,089          +0.2%
  2022          100,089        100,122          +0.0%
  2023          100,122        100,159          +0.0%
  2024          100,159        100,207          +0.0%
  2025          100,207        100,259          +0.1%

  FULL-PERIOD: $100,000 -> $100,259 (+0.3%)   Sharpe +0.19   net PF 1.060
  MAX DRAWDOWN: 0.4%  (peak 2019-01-22, trough 2020-03-22, recovered 2022-01-05)
  TOP-YEAR CONCENTRATION: 64%  -> FLAG: concentrated
  BUY-AND-HOLD: $303,522 (+203.5%, Sharpe +0.71, maxDD 35.0%)  -> strategy loses to B&H

====================================================================================================================
  BOLLINGER (20,2.0) -- BTCUSDT
====================================================================================================================
  Span: 2018-01-01 -> 2026-08-31   Position changes: 267

  year     start equity     end equity  year return %
  2018          100,000         99,913          -0.1%
  2019           99,913         99,551          -0.4%
  2020           99,551         98,092          -1.5%
  2021           98,092         97,952          -0.1%
  2022           97,952         98,158          +0.2%
  2023           98,158         97,956          -0.2%
  2024           97,956         97,856          -0.1%
  2025           97,856         98,136          +0.3%
  2026           98,136         98,051          -0.1%

  FULL-PERIOD: $100,000 -> $98,051 (-1.9%)   Sharpe -0.39   net PF 0.903
  MAX DRAWDOWN: 2.8%  (peak 2018-10-15, trough 2021-02-21, NOT recovered)
  TOP-YEAR CONCENTRATION: n/a (total<=0)  -> not concentrated
  BUY-AND-HOLD: $576,995 (+477.0%, Sharpe +0.53, maxDD 81.0%)  -> strategy loses to B&H

====================================================================================================================
  BOLLINGER (20,2.0) -- ETHUSDT
====================================================================================================================
  Span: 2018-01-01 -> 2026-08-31   Position changes: 233

  year     start equity     end equity  year return %
  2018          100,000         99,133          -0.9%
  2019           99,133         99,294          +0.2%
  2020           99,294         98,495          -0.8%
  2021           98,495         98,062          -0.4%
  2022           98,062         97,364          -0.7%
  2023           97,364         97,567          +0.2%
  2024           97,567         97,121          -0.5%
  2025           97,121         96,971          -0.2%
  2026           96,971         96,667          -0.3%

  FULL-PERIOD: $100,000 -> $96,667 (-3.3%)   Sharpe -0.51   net PF 0.884
  MAX DRAWDOWN: 3.8%  (peak 2018-02-16, trough 2026-06-06, NOT recovered)
  TOP-YEAR CONCENTRATION: n/a (total<=0)  -> not concentrated
  BUY-AND-HOLD: $320,171 (+220.2%, Sharpe +0.48, maxDD 94.0%)  -> strategy loses to B&H

STRATEGY 3 -- MACD CROSSOVER (12,26,9), daily, all instruments, always-in-market

====================================================================================================================
  MACD (12,26,9) -- XAUUSD
====================================================================================================================
  Span: 2017-01-02 -> 2025-12-31   Position changes: 147

  year     start equity     end equity  year return %
  2017          100,000        100,172          +0.2%
  2018          100,172        100,088          -0.1%
  2019          100,088        100,047          -0.0%
  2020          100,047         99,925          -0.1%
  2021           99,925        100,013          +0.1%
  2022          100,013         99,950          -0.1%
  2023           99,950         99,828          -0.1%
  2024           99,828         99,798          -0.0%
  2025           99,798         99,713          -0.1%

  FULL-PERIOD: $100,000 -> $99,713 (-0.3%)   Sharpe -0.24   net PF 0.954
  MAX DRAWDOWN: 0.5%  (peak 2018-01-15, trough 2025-08-24, NOT recovered)
  TOP-YEAR CONCENTRATION: n/a (total<=0)  -> not concentrated
  BUY-AND-HOLD: $375,413 (+275.4%, Sharpe +1.18, maxDD 20.4%)  -> strategy loses to B&H

====================================================================================================================
  MACD (12,26,9) -- EURUSD
====================================================================================================================
  Span: 2013-01-01 -> 2025-12-30   Position changes: 335

  year     start equity     end equity  year return %
  2013          100,000         99,980          -0.0%
  2014           99,980         99,894          -0.1%
  2015           99,894        100,028          +0.1%
  2016          100,028         99,952          -0.1%
  2017           99,952         99,933          -0.0%
  2018           99,933         99,845          -0.1%
  2019           99,845         99,702          -0.1%
  2020           99,702         99,740          +0.0%
  2021           99,740         99,758          +0.0%
  2022           99,758         99,655          -0.1%
  2023           99,655         99,772          +0.1%
  2024           99,772         99,773          +0.0%
  2025           99,773         99,665          -0.1%

  FULL-PERIOD: $100,000 -> $99,665 (-0.3%)   Sharpe -0.30   net PF 0.948
  MAX DRAWDOWN: 0.4%  (peak 2015-08-24, trough 2023-02-01, NOT recovered)
  TOP-YEAR CONCENTRATION: n/a (total<=0)  -> not concentrated
  BUY-AND-HOLD: $88,994 (-11.0%, Sharpe -0.07, maxDD 31.1%)  -> strategy BEATS B&H
  OUT-OF-REGIME split: IS Sharpe -0.14  OOS Sharpe -0.41  OOS PF 0.929  -> fails

====================================================================================================================
  MACD (12,26,9) -- NAS100
====================================================================================================================
  Span: 2013-09-30 -> 2025-12-31   Position changes: 257

  year     start equity     end equity  year return %
  2013          100,000         99,977          -0.0%
  2014           99,977        100,055          +0.1%
  2015          100,055         99,908          -0.1%
  2016           99,908         99,941          +0.0%
  2017           99,941         99,816          -0.1%
  2018           99,816         99,425          -0.4%
  2019           99,425         99,483          +0.1%
  2020           99,483         99,391          -0.1%
  2021           99,391         99,504          +0.1%
  2022           99,504         99,246          -0.3%
  2023           99,246         99,272          +0.0%
  2024           99,272         98,968          -0.3%
  2025           98,968         98,747          -0.2%

  FULL-PERIOD: $100,000 -> $98,747 (-1.3%)   Sharpe -0.50   net PF 0.910
  MAX DRAWDOWN: 1.4%  (peak 2014-12-16, trough 2025-12-31, NOT recovered)
  TOP-YEAR CONCENTRATION: n/a (total<=0)  -> not concentrated
  BUY-AND-HOLD: $783,733 (+683.7%, Sharpe +0.93, maxDD 35.7%)  -> strategy loses to B&H
  OUT-OF-REGIME split: IS Sharpe -0.31  OOS Sharpe -0.58  OOS PF 0.898  -> fails

====================================================================================================================
  MACD (12,26,9) -- US30
====================================================================================================================
  Span: 2013-09-30 -> 2025-12-31   Position changes: 238

  year     start equity     end equity  year return %
  2013          100,000        100,009          +0.0%
  2014          100,009        100,007          -0.0%
  2015          100,007         99,903          -0.1%
  2016           99,903        100,000          +0.1%
  2017          100,000        100,056          +0.1%
  2018          100,056         99,934          -0.1%
  2019           99,934        100,089          +0.2%
  2020          100,089        100,170          +0.1%
  2021          100,170         99,895          -0.3%
  2022           99,895        100,023          +0.1%
  2023          100,023         99,987          -0.0%
  2024           99,987         99,940          -0.0%
  2025           99,940         99,783          -0.2%

  FULL-PERIOD: $100,000 -> $99,783 (-0.2%)   Sharpe -0.11   net PF 0.978
  MAX DRAWDOWN: 0.7%  (peak 2020-03-22, trough 2025-12-30, NOT recovered)
  TOP-YEAR CONCENTRATION: n/a (total<=0)  -> not concentrated
  BUY-AND-HOLD: $317,539 (+217.5%, Sharpe +0.66, maxDD 37.0%)  -> strategy loses to B&H
  OUT-OF-REGIME split: IS Sharpe +0.11  OOS Sharpe -0.18  OOS PF 0.961  -> fails

====================================================================================================================
  MACD (12,26,9) -- SPX500
====================================================================================================================
  Span: 2017-01-03 -> 2025-12-31   Position changes: 214

  year     start equity     end equity  year return %
  2017          100,000        100,009          +0.0%
  2018          100,009        100,012          +0.0%
  2019          100,012        100,121          +0.1%
  2020          100,121        100,304          +0.2%
  2021          100,304        100,159          -0.1%
  2022          100,159        100,103          -0.1%
  2023          100,103        100,137          +0.0%
  2024          100,137        100,083          -0.1%
  2025          100,083         99,918          -0.2%

  FULL-PERIOD: $100,000 -> $99,918 (-0.1%)   Sharpe -0.05   net PF 0.991
  MAX DRAWDOWN: 0.6%  (peak 2020-04-29, trough 2025-12-31, NOT recovered)
  TOP-YEAR CONCENTRATION: n/a (total<=0)  -> not concentrated
  BUY-AND-HOLD: $303,522 (+203.5%, Sharpe +0.71, maxDD 35.0%)  -> strategy loses to B&H

====================================================================================================================
  MACD (12,26,9) -- BTCUSDT
====================================================================================================================
  Span: 2018-01-01 -> 2026-08-31   Position changes: 216

  year     start equity     end equity  year return %
  2018          100,000        100,431          +0.4%
  2019          100,431        100,562          +0.1%
  2020          100,562        102,215          +1.6%
  2021          102,215        102,540          +0.3%
  2022          102,540        102,521          -0.0%
  2023          102,521        102,654          +0.1%
  2024          102,654        102,920          +0.3%
  2025          102,920        102,634          -0.3%
  2026          102,634        103,123          +0.5%

  FULL-PERIOD: $100,000 -> $103,123 (+3.1%)   Sharpe +0.49   net PF 1.095
  MAX DRAWDOWN: 0.6%  (peak 2024-09-27, trough 2025-04-13, NOT recovered)
  TOP-YEAR CONCENTRATION: 53%  -> not concentrated
  BUY-AND-HOLD: $576,995 (+477.0%, Sharpe +0.53, maxDD 81.0%)  -> strategy loses to B&H

====================================================================================================================
  MACD (12,26,9) -- ETHUSDT
====================================================================================================================
  Span: 2018-01-01 -> 2026-08-31   Position changes: 230

  year     start equity     end equity  year return %
  2018          100,000        101,218          +1.2%
  2019          101,218        101,605          +0.4%
  2020          101,605        102,788          +1.2%
  2021          102,788        102,801          +0.0%
  2022          102,801        103,162          +0.4%
  2023          103,162        103,149          -0.0%
  2024          103,149        103,323          +0.2%
  2025          103,323        102,570          -0.7%
  2026          102,570        103,223          +0.6%

  FULL-PERIOD: $100,000 -> $103,223 (+3.2%)   Sharpe +0.38   net PF 1.072
  MAX DRAWDOWN: 1.4%  (peak 2024-08-07, trough 2025-11-09, NOT recovered)
  TOP-YEAR CONCENTRATION: 38%  -> not concentrated
  BUY-AND-HOLD: $320,171 (+220.2%, Sharpe +0.48, maxDD 94.0%)  -> strategy loses to B&H

STRATEGY 6 -- ICHIMOKU CLOUD (9,26,52), daily, all instruments

====================================================================================================================
  ICHIMOKU (9,26,52) -- XAUUSD
====================================================================================================================
  Span: 2017-01-02 -> 2025-12-31   Position changes: 71

  year     start equity     end equity  year return %
  2017          100,000         99,924          -0.1%
  2018           99,924         99,988          +0.1%
  2019           99,988         99,992          +0.0%
  2020           99,992         99,992          -0.0%
  2021           99,992         99,918          -0.1%
  2022           99,918         99,982          +0.1%
  2023           99,982        100,043          +0.1%
  2024          100,043        100,056          +0.0%
  2025          100,056        100,475          +0.4%

  FULL-PERIOD: $100,000 -> $100,475 (+0.5%)   Sharpe +0.49   net PF 1.155
  MAX DRAWDOWN: 0.2%  (peak 2020-03-08, trough 2020-04-08, recovered 2023-04-05)
  TOP-YEAR CONCENTRATION: 88%  -> FLAG: concentrated
  BUY-AND-HOLD: $375,413 (+275.4%, Sharpe +1.18, maxDD 20.4%)  -> strategy loses to B&H

====================================================================================================================
  ICHIMOKU (9,26,52) -- EURUSD
====================================================================================================================
  Span: 2013-01-01 -> 2025-12-30   Position changes: 142

  year     start equity     end equity  year return %
  2013          100,000         99,976          -0.0%
  2014           99,976        100,066          +0.1%
  2015          100,066        100,102          +0.0%
  2016          100,102        100,092          -0.0%
  2017          100,092        100,127          +0.0%
  2018          100,127        100,128          +0.0%
  2019          100,128        100,121          -0.0%
  2020          100,121        100,102          -0.0%
  2021          100,102        100,091          -0.0%
  2022          100,091        100,125          +0.0%
  2023          100,125        100,130          +0.0%
  2024          100,130        100,112          -0.0%
  2025          100,112        100,188          +0.1%

  FULL-PERIOD: $100,000 -> $100,188 (+0.2%)   Sharpe +0.24   net PF 1.070
  MAX DRAWDOWN: 0.2%  (peak 2015-03-15, trough 2020-05-01, NOT recovered)
  TOP-YEAR CONCENTRATION: 48%  -> not concentrated
  BUY-AND-HOLD: $88,994 (-11.0%, Sharpe -0.07, maxDD 31.1%)  -> strategy BEATS B&H
  OUT-OF-REGIME split: IS Sharpe +0.39  OOS Sharpe +0.14  OOS PF 1.039  -> HOLDS

====================================================================================================================
  ICHIMOKU (9,26,52) -- NAS100
====================================================================================================================
  Span: 2013-09-30 -> 2025-12-31   Position changes: 93

  year     start equity     end equity  year return %
  2013          100,000        100,000          +0.0%
  2014          100,000         99,996          -0.0%
  2015           99,996         99,908          -0.1%
  2016           99,908         99,863          -0.0%
  2017           99,863         99,980          +0.1%
  2018           99,980         99,978          -0.0%
  2019           99,978         99,910          -0.1%
  2020           99,910         99,944          +0.0%
  2021           99,944        100,017          +0.1%
  2022          100,017         99,847          -0.2%
  2023           99,847         99,938          +0.1%
  2024           99,938        100,069          +0.1%
  2025          100,069        100,181          +0.1%

  FULL-PERIOD: $100,000 -> $100,181 (+0.2%)   Sharpe +0.12   net PF 1.035
  MAX DRAWDOWN: 0.4%  (peak 2018-02-26, trough 2023-03-10, recovered 2024-07-05)
  TOP-YEAR CONCENTRATION: 72%  -> FLAG: concentrated
  BUY-AND-HOLD: $783,733 (+683.7%, Sharpe +0.93, maxDD 35.7%)  -> strategy loses to B&H
  OUT-OF-REGIME split: IS Sharpe -0.06  OOS Sharpe +0.17  OOS PF 1.050  -> HOLDS

====================================================================================================================
  ICHIMOKU (9,26,52) -- US30
====================================================================================================================
  Span: 2013-09-30 -> 2025-12-31   Position changes: 113

  year     start equity     end equity  year return %
  2013          100,000        100,025          +0.0%
  2014          100,025         99,976          -0.0%
  2015           99,976         99,933          -0.0%
  2016           99,933         99,981          +0.0%
  2017           99,981        100,174          +0.2%
  2018          100,174         99,982          -0.2%
  2019           99,982        100,061          +0.1%
  2020          100,061        100,156          +0.1%
  2021          100,156        100,215          +0.1%
  2022          100,215        100,056          -0.2%
  2023          100,056        100,004          -0.1%
  2024          100,004         99,966          -0.0%
  2025           99,966         99,956          -0.0%

  FULL-PERIOD: $100,000 -> $99,956 (-0.0%)   Sharpe -0.03   net PF 0.991
  MAX DRAWDOWN: 0.4%  (peak 2020-03-22, trough 2025-12-09, NOT recovered)
  TOP-YEAR CONCENTRATION: n/a (total<=0)  -> not concentrated
  BUY-AND-HOLD: $317,539 (+217.5%, Sharpe +0.66, maxDD 37.0%)  -> strategy loses to B&H
  OUT-OF-REGIME split: IS Sharpe +0.52  OOS Sharpe -0.20  OOS PF 0.936  -> fails

====================================================================================================================
  ICHIMOKU (9,26,52) -- SPX500
====================================================================================================================
  Span: 2017-01-03 -> 2025-12-31   Position changes: 71

  year     start equity     end equity  year return %
  2017          100,000        100,069          +0.1%
  2018          100,069         99,947          -0.1%
  2019           99,947         99,969          +0.0%
  2020           99,969        100,108          +0.1%
  2021          100,108        100,226          +0.1%
  2022          100,226        100,084          -0.1%
  2023          100,084        100,133          +0.0%
  2024          100,133        100,238          +0.1%
  2025          100,238        100,204          -0.0%

  FULL-PERIOD: $100,000 -> $100,204 (+0.2%)   Sharpe +0.17   net PF 1.050
  MAX DRAWDOWN: 0.3%  (peak 2018-01-26, trough 2018-12-06, recovered 2020-03-12)
  TOP-YEAR CONCENTRATION: 68%  -> FLAG: concentrated
  BUY-AND-HOLD: $303,522 (+203.5%, Sharpe +0.71, maxDD 35.0%)  -> strategy loses to B&H

====================================================================================================================
  ICHIMOKU (9,26,52) -- BTCUSDT
====================================================================================================================
  Span: 2018-01-01 -> 2026-08-31   Position changes: 97

  year     start equity     end equity  year return %
  2018          100,000        100,178          +0.2%
  2019          100,178        101,227          +1.0%
  2020          101,227        101,201          -0.0%
  2021          101,201        101,422          +0.2%
  2022          101,422        101,380          -0.0%
  2023          101,380        101,054          -0.3%
  2024          101,054        101,031          -0.0%
  2025          101,031        100,837          -0.2%
  2026          100,837        100,802          -0.0%

  FULL-PERIOD: $100,000 -> $100,802 (+0.8%)   Sharpe +0.21   net PF 1.069
  MAX DRAWDOWN: 1.0%  (peak 2022-01-22, trough 2025-10-26, NOT recovered)
  TOP-YEAR CONCENTRATION: 130%  -> FLAG: concentrated
  BUY-AND-HOLD: $576,995 (+477.0%, Sharpe +0.53, maxDD 81.0%)  -> strategy loses to B&H

====================================================================================================================
  ICHIMOKU (9,26,52) -- ETHUSDT
====================================================================================================================
  Span: 2018-01-01 -> 2026-08-31   Position changes: 101

  year     start equity     end equity  year return %
  2018          100,000        101,087          +1.1%
  2019          101,087        101,241          +0.2%
  2020          101,241        102,380          +1.1%
  2021          102,380        103,507          +1.1%
  2022          103,507        103,265          -0.2%
  2023          103,265        102,870          -0.4%
  2024          102,870        102,735          -0.1%
  2025          102,735        103,184          +0.4%
  2026          103,184        103,261          +0.1%

  FULL-PERIOD: $100,000 -> $103,261 (+3.3%)   Sharpe +0.57   net PF 1.175
  MAX DRAWDOWN: 1.5%  (peak 2021-05-12, trough 2024-11-17, NOT recovered)
  TOP-YEAR CONCENTRATION: 35%  -> not concentrated
  BUY-AND-HOLD: $320,171 (+220.2%, Sharpe +0.48, maxDD 94.0%)  -> strategy loses to B&H

STRATEGY 5 -- TURTLE TRADING SYSTEM (System 1: 20d entry/10d exit + skip-winner filter; System 2: 55d entry/20d exit, no filter), N=ATR(20), 2N stop, pyramid to 4 units @ 0.5N

====================================================================================================================
  TURTLE SYSTEM 1 (20d entry/10d exit, skip-winner filter) -- XAUUSD
====================================================================================================================
  2017          100,000         96,614          -3.4%
  2018           96,614        109,791         +13.6%
  2019          109,791        124,167         +13.1%
  2020          124,167        139,325         +12.2%
  2021          139,325        123,865         -11.1%
  2022          123,865        127,095          +2.6%
  2023          127,095        136,672          +7.5%
  2024          136,672        133,730          -2.2%
  2025          133,730        183,505         +37.2%

  FULL-PERIOD: $100,000 -> $183,505 (+83.5%)   Sharpe +0.83   net PF 1.217
  MAX DRAWDOWN: 22.1%  (peak 2020-08-05, trough 2022-02-15, recovered 2025-03-28)
  TOP-YEAR CONCENTRATION: 52%  -> not concentrated
  BUY-AND-HOLD: $375,413 (+275.4%)  -> strategy loses to B&H

====================================================================================================================
  TURTLE SYSTEM 2 (55d entry/20d exit, no filter) -- XAUUSD
====================================================================================================================
  2017          100,000         92,599          -7.4%
  2018           92,599        105,703         +14.2%
  2019          105,703        116,408         +10.1%
  2020          116,408        130,782         +12.3%
  2021          130,782        119,869          -8.3%
  2022          119,869        119,768          -0.1%
  2023          119,768        120,242          +0.4%
  2024          120,242        132,967         +10.6%
  2025          132,967        190,719         +43.4%

  FULL-PERIOD: $100,000 -> $190,719 (+90.7%)   Sharpe +0.90   net PF 1.250
  MAX DRAWDOWN: 19.4%  (peak 2020-08-05, trough 2022-11-21, recovered 2025-02-10)
  TOP-YEAR CONCENTRATION: 56%  -> not concentrated
  BUY-AND-HOLD: $375,413 (+275.4%)  -> strategy loses to B&H

====================================================================================================================
  TURTLE SYSTEM 1 (20d entry/10d exit, skip-winner filter) -- EURUSD
====================================================================================================================
  2013          100,000         90,381          -9.6%
  2014           90,381        100,625         +11.3%
  2015          100,625        104,072          +3.4%
  2016          104,072         85,478         -17.9%
  2017           85,478         86,712          +1.4%
  2018           86,712         88,421          +2.0%
  2019           88,421         71,272         -19.4%
  2020           71,272         72,837          +2.2%
  2021           72,837         73,271          +0.6%
  2022           73,271         66,534          -9.2%
  2023           66,534         70,988          +6.7%
  2024           70,988         67,281          -5.2%
  2025           67,281         64,003          -4.9%

  FULL-PERIOD: $100,000 -> $64,003 (-36.0%)   Sharpe -0.28   net PF 0.941
  MAX DRAWDOWN: 48.8%  (peak 2015-03-15, trough 2024-08-11, NOT recovered)
  TOP-YEAR CONCENTRATION: n/a (total<=0)  -> not concentrated
  BUY-AND-HOLD: $88,994 (-11.0%)  -> strategy loses to B&H
  OUT-OF-REGIME: OOS Sharpe -0.33  OOS PF 0.932  -> fails

====================================================================================================================
  TURTLE SYSTEM 2 (55d entry/20d exit, no filter) -- EURUSD
====================================================================================================================
  2013          100,000         88,317         -11.7%
  2014           88,317        104,949         +18.8%
  2015          104,949        113,641          +8.3%
  2016          113,641        105,268          -7.4%
  2017          105,268        112,887          +7.2%
  2018          112,887        120,028          +6.3%
  2019          120,028         97,315         -18.9%
  2020           97,315         97,646          +0.3%
  2021           97,646         93,283          -4.5%
  2022           93,283         88,468          -5.2%
  2023           88,468         82,877          -6.3%
  2024           82,877         83,363          +0.6%
  2025           83,363         83,126          -0.3%

  FULL-PERIOD: $100,000 -> $83,126 (-16.9%)   Sharpe -0.11   net PF 0.973
  MAX DRAWDOWN: 42.7%  (peak 2018-08-15, trough 2024-08-11, NOT recovered)
  TOP-YEAR CONCENTRATION: n/a (total<=0)  -> not concentrated
  BUY-AND-HOLD: $88,994 (-11.0%)  -> strategy loses to B&H
  OUT-OF-REGIME: OOS Sharpe -0.37  OOS PF 0.915  -> fails

====================================================================================================================
  TURTLE SYSTEM 1 (20d entry/10d exit, skip-winner filter) -- NAS100
====================================================================================================================
  2013          100,000        105,299          +5.3%
  2014          105,299         99,288          -5.7%
  2015           99,288         96,182          -3.1%
  2016           96,182         85,037         -11.6%
  2017           85,037         91,848          +8.0%
  2018           91,848         83,398          -9.2%
  2019           83,398         86,400          +3.6%
  2020           86,400         98,559         +14.1%
  2021           98,559         94,992          -3.6%
  2022           94,992        101,589          +6.9%
  2023          101,589        100,252          -1.3%
  2024          100,252        105,716          +5.5%
  2025          105,716        108,918          +3.0%

  FULL-PERIOD: $100,000 -> $108,918 (+8.9%)   Sharpe +0.12   net PF 1.027
  MAX DRAWDOWN: 24.0%  (peak 2014-01-22, trough 2019-10-29, recovered 2023-06-12)
  TOP-YEAR CONCENTRATION: 154%  -> FLAG: concentrated
  BUY-AND-HOLD: $783,733 (+683.7%)  -> strategy loses to B&H
  OUT-OF-REGIME: OOS Sharpe +0.26  OOS PF 1.058  -> HOLDS

====================================================================================================================
  TURTLE SYSTEM 2 (55d entry/20d exit, no filter) -- NAS100
====================================================================================================================
  2013          100,000        100,666          +0.7%
  2014          100,666         97,651          -3.0%
  2015           97,651         92,609          -5.2%
  2016           92,609         85,918          -7.2%
  2017           85,918        105,299         +22.6%
  2018          105,299         91,955         -12.7%
  2019           91,955         92,690          +0.8%
  2020           92,690         99,907          +7.8%
  2021           99,907         95,931          -4.0%
  2022           95,931         92,970          -3.1%
  2023           92,970        107,078         +15.2%
  2024          107,078        107,490          +0.4%
  2025          107,490        115,011          +7.0%

  FULL-PERIOD: $100,000 -> $115,011 (+15.0%)   Sharpe +0.17   net PF 1.038
  MAX DRAWDOWN: 25.3%  (peak 2018-01-29, trough 2019-10-29, recovered 2024-07-03)
  TOP-YEAR CONCENTRATION: 145%  -> FLAG: concentrated
  BUY-AND-HOLD: $783,733 (+683.7%)  -> strategy loses to B&H
  OUT-OF-REGIME: OOS Sharpe +0.16  OOS PF 1.036  -> HOLDS

====================================================================================================================
  TURTLE SYSTEM 1 (20d entry/10d exit, skip-winner filter) -- US30
====================================================================================================================
  2013          100,000         99,149          -0.9%
  2014           99,149         86,014         -13.2%
  2015           86,014         79,400          -7.7%
  2016           79,400         85,768          +8.0%
  2017           85,768        111,984         +30.6%
  2018          111,984        108,114          -3.5%
  2019          108,114        109,021          +0.8%
  2020          109,021        121,653         +11.6%
  2021          121,653        107,749         -11.4%
  2022          107,749        106,281          -1.4%
  2023          106,281        109,485          +3.0%
  2024          109,485        103,142          -5.8%
  2025          103,142         88,535         -14.2%

  FULL-PERIOD: $100,000 -> $88,535 (-11.5%)   Sharpe -0.06   net PF 0.987
  MAX DRAWDOWN: 29.8%  (peak 2018-01-26, trough 2025-12-17, NOT recovered)
  TOP-YEAR CONCENTRATION: n/a (total<=0)  -> not concentrated
  BUY-AND-HOLD: $317,539 (+217.5%)  -> strategy loses to B&H
  OUT-OF-REGIME: OOS Sharpe -0.26  OOS PF 0.941  -> fails

====================================================================================================================
  TURTLE SYSTEM 2 (55d entry/20d exit, no filter) -- US30
====================================================================================================================
  2013          100,000        101,991          +2.0%
  2014          101,991         87,256         -14.4%
  2015           87,256         77,791         -10.8%
  2016           77,791         79,165          +1.8%
  2017           79,165        113,029         +42.8%
  2018          113,029        109,070          -3.5%
  2019          109,070        105,605          -3.2%
  2020          105,605        110,137          +4.3%
  2021          110,137        110,522          +0.3%
  2022          110,522        102,967          -6.8%
  2023          102,967        108,169          +5.1%
  2024          108,169        103,911          -3.9%
  2025          103,911         92,811         -10.7%

  FULL-PERIOD: $100,000 -> $92,811 (-7.2%)   Sharpe -0.02   net PF 0.995
  MAX DRAWDOWN: 28.4%  (peak 2013-12-31, trough 2016-11-07, recovered 2017-10-24)
  TOP-YEAR CONCENTRATION: n/a (total<=0)  -> not concentrated
  BUY-AND-HOLD: $317,539 (+217.5%)  -> strategy loses to B&H
  OUT-OF-REGIME: OOS Sharpe -0.22  OOS PF 0.946  -> fails

====================================================================================================================
  TURTLE SYSTEM 1 (20d entry/10d exit, skip-winner filter) -- SPX500
====================================================================================================================
  2017          100,000        107,033          +7.0%
  2018          107,033        104,119          -2.7%
  2019          104,119        111,320          +6.9%
  2020          111,320        121,087          +8.8%
  2021          121,087        101,043         -16.6%
  2022          101,043        101,413          +0.4%
  2023          101,413        105,652          +4.2%
  2024          105,652         99,602          -5.7%
  2025           99,602         98,172          -1.4%

  FULL-PERIOD: $100,000 -> $98,172 (-1.8%)   Sharpe +0.03   net PF 1.007
  MAX DRAWDOWN: 29.6%  (peak 2020-09-02, trough 2023-05-31, NOT recovered)
  TOP-YEAR CONCENTRATION: n/a (total<=0)  -> not concentrated
  BUY-AND-HOLD: $303,522 (+203.5%)  -> strategy loses to B&H

====================================================================================================================
  TURTLE SYSTEM 2 (55d entry/20d exit, no filter) -- SPX500
====================================================================================================================
  2017          100,000        113,861         +13.9%
  2018          113,861        117,970          +3.6%
  2019          117,970        123,578          +4.8%
  2020          123,578        137,076         +10.9%
  2021          137,076        127,127          -7.3%
  2022          127,127        113,259         -10.9%
  2023          113,259        119,378          +5.4%
  2024          119,378        130,298          +9.1%
  2025          130,298        137,450          +5.5%

  FULL-PERIOD: $100,000 -> $137,450 (+37.5%)   Sharpe +0.37   net PF 1.089
  MAX DRAWDOWN: 26.1%  (peak 2020-09-02, trough 2023-05-31, NOT recovered)
  TOP-YEAR CONCENTRATION: 41%  -> not concentrated
  BUY-AND-HOLD: $303,522 (+203.5%)  -> strategy loses to B&H

====================================================================================================================
  TURTLE SYSTEM 1 (20d entry/10d exit, skip-winner filter) -- BTCUSDT
====================================================================================================================
  2018          100,000         98,988          -1.0%
  2019           98,988        128,736         +30.1%
  2020          128,736        194,725         +51.3%
  2021          194,725        214,499         +10.2%
  2022          214,499        198,350          -7.5%
  2023          198,350        230,851         +16.4%
  2024          230,851        259,931         +12.6%
  2025          259,931        245,230          -5.7%
  2026          245,230        264,446          +7.8%

  FULL-PERIOD: $100,000 -> $264,446 (+164.4%)   Sharpe +0.87   net PF 1.232
  MAX DRAWDOWN: 14.4%  (peak 2025-05-22, trough 2025-11-10, NOT recovered)
  TOP-YEAR CONCENTRATION: 43%  -> not concentrated
  BUY-AND-HOLD: $576,995 (+477.0%)  -> strategy loses to B&H

====================================================================================================================
  TURTLE SYSTEM 2 (55d entry/20d exit, no filter) -- BTCUSDT
====================================================================================================================
  2018          100,000        104,817          +4.8%
  2019          104,817        121,082         +15.5%
  2020          121,082        138,853         +14.7%
  2021          138,853        155,273         +11.8%
  2022          155,273        155,755          +0.3%
  2023          155,755        166,109          +6.6%
  2024          166,109        182,994         +10.2%
  2025          182,994        187,765          +2.6%
  2026          187,765        192,330          +2.4%

  FULL-PERIOD: $100,000 -> $192,330 (+92.3%)   Sharpe +0.67   net PF 1.180
  MAX DRAWDOWN: 11.6%  (peak 2024-03-13, trough 2024-10-23, recovered 2024-11-21)
  TOP-YEAR CONCENTRATION: 22%  -> not concentrated
  BUY-AND-HOLD: $576,995 (+477.0%)  -> strategy loses to B&H

====================================================================================================================
  TURTLE SYSTEM 1 (20d entry/10d exit, skip-winner filter) -- ETHUSDT
====================================================================================================================
  2018          100,000        108,018          +8.0%
  2019          108,018        103,159          -4.5%
  2020          103,159        138,638         +34.4%
  2021          138,638        169,120         +22.0%
  2022          169,120        176,983          +4.6%
  2023          176,983        173,642          -1.9%
  2024          173,642        184,659          +6.3%
  2025          184,659        187,668          +1.6%
  2026          187,668        193,754          +3.2%

  FULL-PERIOD: $100,000 -> $193,754 (+93.8%)   Sharpe +0.63   net PF 1.156
  MAX DRAWDOWN: 17.8%  (peak 2022-08-13, trough 2023-10-28, recovered 2025-07-17)
  TOP-YEAR CONCENTRATION: 45%  -> not concentrated
  BUY-AND-HOLD: $320,171 (+220.2%)  -> strategy loses to B&H

====================================================================================================================
  TURTLE SYSTEM 2 (55d entry/20d exit, no filter) -- ETHUSDT
====================================================================================================================
  2018          100,000        106,794          +6.8%
  2019          106,794        106,912          +0.1%
  2020          106,912        123,156         +15.2%
  2021          123,156        153,744         +24.8%
  2022          153,744        149,260          -2.9%
  2023          149,260        154,087          +3.2%
  2024          154,087        176,454         +14.5%
  2025          176,454        195,413         +10.7%
  2026          195,413        203,538          +4.2%

  FULL-PERIOD: $100,000 -> $203,538 (+103.5%)   Sharpe +0.72   net PF 1.189
  MAX DRAWDOWN: 13.1%  (peak 2022-06-18, trough 2023-10-28, recovered 2024-02-18)
  TOP-YEAR CONCENTRATION: 31%  -> not concentrated
  BUY-AND-HOLD: $320,171 (+220.2%)  -> strategy loses to B&H

STRATEGY 1 -- PAIRS TRADING / STATISTICAL ARBITRAGE, 60-day rolling z-score, N in {1.5, 2.0}

[GLD vs SLV] daily return correlation over 2006-04-28 -> 2026-08-27: 0.797
[NAS100 vs US30] daily return correlation over 2013-09-30 -> 2025-12-31: 0.794

====================================================================================================================
  PAIRS: GLD vs SLV  (N=1.5)
====================================================================================================================
  2006          100,000        102,106          +2.1%
  2007          102,106        105,414          +3.2%
  2008          105,414         96,028          -8.9%
  2009           96,028         95,110          -1.0%
  2010           95,110         87,972          -7.5%
  2011           87,972         95,427          +8.5%
  2012           95,427         94,836          -0.6%
  2013           94,836         90,058          -5.0%
  2014           90,058         94,247          +4.7%
  2015           94,247        106,813         +13.3%
  2016          106,813        108,965          +2.0%
  2017          108,965        108,057          -0.8%
  2018          108,057        104,802          -3.0%
  2019          104,802        105,721          +0.9%
  2020          105,721         85,395         -19.2%
  2021           85,395         77,498          -9.2%
  2022           77,498         75,278          -2.9%
  2023           75,278         84,197         +11.8%
  2024           84,197         83,648          -0.7%
  2025           83,648         70,801         -15.4%
  2026           70,801         70,999          +0.3%

  FULL-PERIOD: $100,000 -> $70,999 (-29.0%)   Sharpe -0.14   net PF 0.966   position changes 252
  MAX DRAWDOWN: 44.2%  (peak 2017-03-02, trough 2026-01-28, NOT recovered)
  TOP-YEAR CONCENTRATION: n/a (total<=0)  -> not concentrated

====================================================================================================================
  PAIRS: GLD vs SLV  (N=2.0)
====================================================================================================================
  2006          100,000        105,710          +5.7%
  2007          105,710        107,074          +1.3%
  2008          107,074         94,323         -11.9%
  2009           94,323         94,586          +0.3%
  2010           94,586         81,264         -14.1%
  2011           81,264         70,577         -13.2%
  2012           70,577         70,536          -0.1%
  2013           70,536         69,405          -1.6%
  2014           69,405         74,200          +6.9%
  2015           74,200         84,045         +13.3%
  2016           84,045         83,717          -0.4%
  2017           83,717         81,873          -2.2%
  2018           81,873         81,459          -0.5%
  2019           81,459         82,199          +0.9%
  2020           82,199         65,094         -20.8%
  2021           65,094         61,190          -6.0%
  2022           61,190         60,912          -0.5%
  2023           60,912         65,957          +8.3%
  2024           65,957         68,682          +4.1%
  2025           68,682         60,067         -12.5%
  2026           60,067         62,301          +3.7%

  FULL-PERIOD: $100,000 -> $62,301 (-37.7%)   Sharpe -0.23   net PF 0.941   position changes 158
  MAX DRAWDOWN: 52.1%  (peak 2008-07-14, trough 2026-01-28, NOT recovered)
  TOP-YEAR CONCENTRATION: n/a (total<=0)  -> not concentrated

====================================================================================================================
  PAIRS: NAS100 vs US30  (N=1.5)
====================================================================================================================
  2013          100,000        100,000          +0.0%
  2014          100,000         98,706          -1.3%
  2015           98,706         98,858          +0.2%
  2016           98,858         95,954          -2.9%
  2017           95,954         98,414          +2.6%
  2018           98,414         97,474          -1.0%
  2019           97,474         96,917          -0.6%
  2020           96,917         87,857          -9.3%
  2021           87,857         90,987          +3.6%
  2022           90,987         85,355          -6.2%
  2023           85,355        100,813         +18.1%
  2024          100,813        102,658          +1.8%
  2025          102,658        100,673          -1.9%

  FULL-PERIOD: $100,000 -> $100,673 (+0.7%)   Sharpe +0.04   net PF 1.010   position changes 131
  MAX DRAWDOWN: 15.8%  (peak 2014-01-17, trough 2020-11-08, recovered 2023-11-30)
  TOP-YEAR CONCENTRATION: 2480%  -> FLAG: concentrated

====================================================================================================================
  PAIRS: NAS100 vs US30  (N=2.0)
====================================================================================================================
  2013          100,000        100,000          +0.0%
  2014          100,000         99,939          -0.1%
  2015           99,939         99,683          -0.3%
  2016           99,683         97,573          -2.1%
  2017           97,573        100,696          +3.2%
  2018          100,696        101,909          +1.2%
  2019          101,909        101,410          -0.5%
  2020          101,410         92,909          -8.4%
  2021           92,909        101,481          +9.2%
  2022          101,481         95,249          -6.1%
  2023           95,249        113,306         +19.0%
  2024          113,306        115,137          +1.6%
  2025          115,137        114,858          -0.2%

  FULL-PERIOD: $100,000 -> $114,858 (+14.9%)   Sharpe +0.27   net PF 1.070   position changes 99
  MAX DRAWDOWN: 14.2%  (peak 2018-10-16, trough 2020-11-08, recovered 2022-03-24)
  TOP-YEAR CONCENTRATION: 125%  -> FLAG: concentrated

             strategy   instrument  total_return     max_dd  recovered beats_bh  concentrated oos_holds
0   Bollinger(20,2.0)       XAUUSD     -0.164464   0.478605      False    False         False      None
1   Bollinger(20,2.0)       EURUSD      0.234276   0.140240       True     True         False      True
2   Bollinger(20,2.0)       NAS100      1.052776   0.261674       True    False         False      True
3   Bollinger(20,2.0)         US30      0.505584   0.363137       True    False         False      True
4   Bollinger(20,2.0)       SPX500      0.258612   0.445637       True    False          True      None
5   Bollinger(20,2.0)      BTCUSDT     -1.949371   2.798570      False    False         False      None
6   Bollinger(20,2.0)      ETHUSDT     -3.333487   3.798908      False    False         False      None
7       MACD(12,26,9)       XAUUSD     -0.286665   0.511593      False    False         False      None
8       MACD(12,26,9)       EURUSD     -0.334889   0.399094      False     True         False     False
9       MACD(12,26,9)       NAS100     -1.252924   1.368383      False    False         False     False
10      MACD(12,26,9)         US30     -0.216877   0.657788      False    False         False     False
11      MACD(12,26,9)       SPX500     -0.081634   0.630855      False    False         False      None
12      MACD(12,26,9)      BTCUSDT      3.122592   0.647447      False    False         False      None
13      MACD(12,26,9)      ETHUSDT      3.223320   1.365478      False    False         False      None
14  Ichimoku(9,26,52)       XAUUSD      0.475037   0.211114       True    False          True      None
15  Ichimoku(9,26,52)       EURUSD      0.187918   0.172116      False     True         False      True
16  Ichimoku(9,26,52)       NAS100      0.181373   0.398119       True    False          True      True
17  Ichimoku(9,26,52)         US30     -0.043952   0.378546      False    False         False     False
18  Ichimoku(9,26,52)       SPX500      0.203595   0.261514       True    False          True      None
19  Ichimoku(9,26,52)      BTCUSDT      0.802158   0.983675      False    False          True      None
20  Ichimoku(9,26,52)      ETHUSDT      3.261163   1.503787      False    False         False      None
21        Turtle sys1       XAUUSD     83.504860  22.104256       True    False         False      None
22        Turtle sys2       XAUUSD     90.718508  19.442864       True    False         False      None
23        Turtle sys1       EURUSD    -35.997287  48.758897      False    False         False     False
24        Turtle sys2       EURUSD    -16.873595  42.749796      False    False         False     False
25        Turtle sys1       NAS100      8.917847  24.032573       True    False          True      True
26        Turtle sys2       NAS100     15.010891  25.294590       True    False          True      True
27        Turtle sys1         US30    -11.465322  29.765003      False    False         False     False
28        Turtle sys2         US30     -7.188610  28.373006       True    False         False     False
29        Turtle sys1       SPX500     -1.827916  29.633768      False    False         False      None
30        Turtle sys2       SPX500     37.450097  26.120490      False    False         False      None
31        Turtle sys1      BTCUSDT    164.445954  14.430916      False    False         False      None
32        Turtle sys2      BTCUSDT     92.329509  11.599089       True    False         False      None
33        Turtle sys1      ETHUSDT     93.754438  17.824559       True    False         False      None
34        Turtle sys2      ETHUSDT    103.538048  13.123640       True    False         False      None
35        Pairs N=1.5      GLD/SLV    -29.000600  44.200157      False     None         False      None
36        Pairs N=2.0      GLD/SLV    -37.698591  52.110225      False     None         False      None
37        Pairs N=1.5  NAS100/US30      0.673445  15.767438       True     None          True      None
38        Pairs N=2.0  NAS100/US30     14.857509  14.153841       True     None          True      None

SURVIVORS (beats_bh True AND not concentrated AND oos_holds True where applicable):
             strategy instrument  total_return    max_dd  recovered beats_bh  concentrated oos_holds
1   Bollinger(20,2.0)     EURUSD      0.234276  0.140240       True     True         False      True
15  Ichimoku(9,26,52)     EURUSD      0.187918  0.172116      False     True         False      True
