STRATEGY 6 -- ICHIMOKU CLOUD (9,26,52), daily, all instruments

====================================================================================================================
  ICHIMOKU (9,26,52) -- XAUUSD
====================================================================================================================
  Span: 2017-01-02 -> 2025-12-31   Position changes: 71

  year     start equity     end equity  year return %
  2017          100,000         99,924          -0.1%
  2018           99,924         99,988          +0.1%
  2019           99,988         99,992          +0.0%
  2020           99,992         99,992          -0.0%
  2021           99,992         99,918          -0.1%
  2022           99,918         99,982          +0.1%
  2023           99,982        100,043          +0.1%
  2024          100,043        100,056          +0.0%
  2025          100,056        100,475          +0.4%

  FULL-PERIOD: $100,000 -> $100,475 (+0.5%)   Sharpe +0.49   net PF 1.155
  MAX DRAWDOWN: 0.2%  (peak 2020-03-08, trough 2020-04-08, recovered 2023-04-05)
  TOP-YEAR CONCENTRATION: 88%  -> FLAG: concentrated
  BUY-AND-HOLD: $375,413 (+275.4%, Sharpe +1.18, maxDD 20.4%)  -> strategy loses to B&H

====================================================================================================================
  ICHIMOKU (9,26,52) -- EURUSD
====================================================================================================================
  Span: 2013-01-01 -> 2025-12-30   Position changes: 142

  year     start equity     end equity  year return %
  2013          100,000         99,976          -0.0%
  2014           99,976        100,066          +0.1%
  2015          100,066        100,102          +0.0%
  2016          100,102        100,092          -0.0%
  2017          100,092        100,127          +0.0%
  2018          100,127        100,128          +0.0%
  2019          100,128        100,121          -0.0%
  2020          100,121        100,102          -0.0%
  2021          100,102        100,091          -0.0%
  2022          100,091        100,125          +0.0%
  2023          100,125        100,130          +0.0%
  2024          100,130        100,112          -0.0%
  2025          100,112        100,188          +0.1%

  FULL-PERIOD: $100,000 -> $100,188 (+0.2%)   Sharpe +0.24   net PF 1.070
  MAX DRAWDOWN: 0.2%  (peak 2015-03-15, trough 2020-05-01, NOT recovered)
  TOP-YEAR CONCENTRATION: 48%  -> not concentrated
  BUY-AND-HOLD: $88,994 (-11.0%, Sharpe -0.07, maxDD 31.1%)  -> strategy BEATS B&H
  OUT-OF-REGIME split: IS Sharpe +0.39  OOS Sharpe +0.14  OOS PF 1.039  -> HOLDS

====================================================================================================================
  ICHIMOKU (9,26,52) -- NAS100
====================================================================================================================
  Span: 2013-09-30 -> 2025-12-31   Position changes: 93

  year     start equity     end equity  year return %
  2013          100,000        100,000          +0.0%
  2014          100,000         99,996          -0.0%
  2015           99,996         99,908          -0.1%
  2016           99,908         99,863          -0.0%
  2017           99,863         99,980          +0.1%
  2018           99,980         99,978          -0.0%
  2019           99,978         99,910          -0.1%
  2020           99,910         99,944          +0.0%
  2021           99,944        100,017          +0.1%
  2022          100,017         99,847          -0.2%
  2023           99,847         99,938          +0.1%
  2024           99,938        100,069          +0.1%
  2025          100,069        100,181          +0.1%

  FULL-PERIOD: $100,000 -> $100,181 (+0.2%)   Sharpe +0.12   net PF 1.035
  MAX DRAWDOWN: 0.4%  (peak 2018-02-26, trough 2023-03-10, recovered 2024-07-05)
  TOP-YEAR CONCENTRATION: 72%  -> FLAG: concentrated
  BUY-AND-HOLD: $783,733 (+683.7%, Sharpe +0.93, maxDD 35.7%)  -> strategy loses to B&H
  OUT-OF-REGIME split: IS Sharpe -0.06  OOS Sharpe +0.17  OOS PF 1.050  -> HOLDS

====================================================================================================================
  ICHIMOKU (9,26,52) -- US30
====================================================================================================================
  Span: 2013-09-30 -> 2025-12-31   Position changes: 113

  year     start equity     end equity  year return %
  2013          100,000        100,025          +0.0%
  2014          100,025         99,976          -0.0%
  2015           99,976         99,933          -0.0%
  2016           99,933         99,981          +0.0%
  2017           99,981        100,174          +0.2%
  2018          100,174         99,982          -0.2%
  2019           99,982        100,061          +0.1%
  2020          100,061        100,156          +0.1%
  2021          100,156        100,215          +0.1%
  2022          100,215        100,056          -0.2%
  2023          100,056        100,004          -0.1%
  2024          100,004         99,966          -0.0%
  2025           99,966         99,956          -0.0%

  FULL-PERIOD: $100,000 -> $99,956 (-0.0%)   Sharpe -0.03   net PF 0.991
  MAX DRAWDOWN: 0.4%  (peak 2020-03-22, trough 2025-12-09, NOT recovered)
  TOP-YEAR CONCENTRATION: n/a (total<=0)  -> not concentrated
  BUY-AND-HOLD: $317,539 (+217.5%, Sharpe +0.66, maxDD 37.0%)  -> strategy loses to B&H
  OUT-OF-REGIME split: IS Sharpe +0.52  OOS Sharpe -0.20  OOS PF 0.936  -> fails

====================================================================================================================
  ICHIMOKU (9,26,52) -- SPX500
====================================================================================================================
  Span: 2017-01-03 -> 2025-12-31   Position changes: 71

  year     start equity     end equity  year return %
  2017          100,000        100,069          +0.1%
  2018          100,069         99,947          -0.1%
  2019           99,947         99,969          +0.0%
  2020           99,969        100,108          +0.1%
  2021          100,108        100,226          +0.1%
  2022          100,226        100,084          -0.1%
  2023          100,084        100,133          +0.0%
  2024          100,133        100,238          +0.1%
  2025          100,238        100,204          -0.0%

  FULL-PERIOD: $100,000 -> $100,204 (+0.2%)   Sharpe +0.17   net PF 1.050
  MAX DRAWDOWN: 0.3%  (peak 2018-01-26, trough 2018-12-06, recovered 2020-03-12)
  TOP-YEAR CONCENTRATION: 68%  -> FLAG: concentrated
  BUY-AND-HOLD: $303,522 (+203.5%, Sharpe +0.71, maxDD 35.0%)  -> strategy loses to B&H

====================================================================================================================
  ICHIMOKU (9,26,52) -- BTCUSDT
====================================================================================================================
  Span: 2018-01-01 -> 2026-08-31   Position changes: 97

  year     start equity     end equity  year return %
  2018          100,000        100,178          +0.2%
  2019          100,178        101,227          +1.0%
  2020          101,227        101,201          -0.0%
  2021          101,201        101,422          +0.2%
  2022          101,422        101,380          -0.0%
  2023          101,380        101,054          -0.3%
  2024          101,054        101,031          -0.0%
  2025          101,031        100,837          -0.2%
  2026          100,837        100,802          -0.0%

  FULL-PERIOD: $100,000 -> $100,802 (+0.8%)   Sharpe +0.21   net PF 1.069
  MAX DRAWDOWN: 1.0%  (peak 2022-01-22, trough 2025-10-26, NOT recovered)
  TOP-YEAR CONCENTRATION: 130%  -> FLAG: concentrated
  BUY-AND-HOLD: $576,995 (+477.0%, Sharpe +0.53, maxDD 81.0%)  -> strategy loses to B&H

====================================================================================================================
  ICHIMOKU (9,26,52) -- ETHUSDT
====================================================================================================================
  Span: 2018-01-01 -> 2026-08-31   Position changes: 101

  year     start equity     end equity  year return %
  2018          100,000        101,087          +1.1%
  2019          101,087        101,241          +0.2%
  2020          101,241        102,380          +1.1%
  2021          102,380        103,507          +1.1%
  2022          103,507        103,265          -0.2%
  2023          103,265        102,870          -0.4%
  2024          102,870        102,735          -0.1%
  2025          102,735        103,184          +0.4%
  2026          103,184        103,261          +0.1%

  FULL-PERIOD: $100,000 -> $103,261 (+3.3%)   Sharpe +0.57   net PF 1.175
  MAX DRAWDOWN: 1.5%  (peak 2021-05-12, trough 2024-11-17, NOT recovered)
  TOP-YEAR CONCENTRATION: 35%  -> not concentrated
  BUY-AND-HOLD: $320,171 (+220.2%, Sharpe +0.48, maxDD 94.0%)  -> strategy loses to B&H

