STRATEGY 3 -- MACD CROSSOVER (12,26,9), daily, all instruments, always-in-market

====================================================================================================================
  MACD (12,26,9) -- XAUUSD
====================================================================================================================
  Span: 2017-01-02 -> 2025-12-31   Position changes: 147

  year     start equity     end equity  year return %
  2017          100,000        100,172          +0.2%
  2018          100,172        100,088          -0.1%
  2019          100,088        100,047          -0.0%
  2020          100,047         99,925          -0.1%
  2021           99,925        100,013          +0.1%
  2022          100,013         99,950          -0.1%
  2023           99,950         99,828          -0.1%
  2024           99,828         99,798          -0.0%
  2025           99,798         99,713          -0.1%

  FULL-PERIOD: $100,000 -> $99,713 (-0.3%)   Sharpe -0.24   net PF 0.954
  MAX DRAWDOWN: 0.5%  (peak 2018-01-15, trough 2025-08-24, NOT recovered)
  TOP-YEAR CONCENTRATION: n/a (total<=0)  -> not concentrated
  BUY-AND-HOLD: $375,413 (+275.4%, Sharpe +1.18, maxDD 20.4%)  -> strategy loses to B&H

====================================================================================================================
  MACD (12,26,9) -- EURUSD
====================================================================================================================
  Span: 2013-01-01 -> 2025-12-30   Position changes: 335

  year     start equity     end equity  year return %
  2013          100,000         99,980          -0.0%
  2014           99,980         99,894          -0.1%
  2015           99,894        100,028          +0.1%
  2016          100,028         99,952          -0.1%
  2017           99,952         99,933          -0.0%
  2018           99,933         99,845          -0.1%
  2019           99,845         99,702          -0.1%
  2020           99,702         99,740          +0.0%
  2021           99,740         99,758          +0.0%
  2022           99,758         99,655          -0.1%
  2023           99,655         99,772          +0.1%
  2024           99,772         99,773          +0.0%
  2025           99,773         99,665          -0.1%

  FULL-PERIOD: $100,000 -> $99,665 (-0.3%)   Sharpe -0.30   net PF 0.948
  MAX DRAWDOWN: 0.4%  (peak 2015-08-24, trough 2023-02-01, NOT recovered)
  TOP-YEAR CONCENTRATION: n/a (total<=0)  -> not concentrated
  BUY-AND-HOLD: $88,994 (-11.0%, Sharpe -0.07, maxDD 31.1%)  -> strategy BEATS B&H
  OUT-OF-REGIME split: IS Sharpe -0.14  OOS Sharpe -0.41  OOS PF 0.929  -> fails

====================================================================================================================
  MACD (12,26,9) -- NAS100
====================================================================================================================
  Span: 2013-09-30 -> 2025-12-31   Position changes: 257

  year     start equity     end equity  year return %
  2013          100,000         99,977          -0.0%
  2014           99,977        100,055          +0.1%
  2015          100,055         99,908          -0.1%
  2016           99,908         99,941          +0.0%
  2017           99,941         99,816          -0.1%
  2018           99,816         99,425          -0.4%
  2019           99,425         99,483          +0.1%
  2020           99,483         99,391          -0.1%
  2021           99,391         99,504          +0.1%
  2022           99,504         99,246          -0.3%
  2023           99,246         99,272          +0.0%
  2024           99,272         98,968          -0.3%
  2025           98,968         98,747          -0.2%

  FULL-PERIOD: $100,000 -> $98,747 (-1.3%)   Sharpe -0.50   net PF 0.910
  MAX DRAWDOWN: 1.4%  (peak 2014-12-16, trough 2025-12-31, NOT recovered)
  TOP-YEAR CONCENTRATION: n/a (total<=0)  -> not concentrated
  BUY-AND-HOLD: $783,733 (+683.7%, Sharpe +0.93, maxDD 35.7%)  -> strategy loses to B&H
  OUT-OF-REGIME split: IS Sharpe -0.31  OOS Sharpe -0.58  OOS PF 0.898  -> fails

====================================================================================================================
  MACD (12,26,9) -- US30
====================================================================================================================
  Span: 2013-09-30 -> 2025-12-31   Position changes: 238

  year     start equity     end equity  year return %
  2013          100,000        100,009          +0.0%
  2014          100,009        100,007          -0.0%
  2015          100,007         99,903          -0.1%
  2016           99,903        100,000          +0.1%
  2017          100,000        100,056          +0.1%
  2018          100,056         99,934          -0.1%
  2019           99,934        100,089          +0.2%
  2020          100,089        100,170          +0.1%
  2021          100,170         99,895          -0.3%
  2022           99,895        100,023          +0.1%
  2023          100,023         99,987          -0.0%
  2024           99,987         99,940          -0.0%
  2025           99,940         99,783          -0.2%

  FULL-PERIOD: $100,000 -> $99,783 (-0.2%)   Sharpe -0.11   net PF 0.978
  MAX DRAWDOWN: 0.7%  (peak 2020-03-22, trough 2025-12-30, NOT recovered)
  TOP-YEAR CONCENTRATION: n/a (total<=0)  -> not concentrated
  BUY-AND-HOLD: $317,539 (+217.5%, Sharpe +0.66, maxDD 37.0%)  -> strategy loses to B&H
  OUT-OF-REGIME split: IS Sharpe +0.11  OOS Sharpe -0.18  OOS PF 0.961  -> fails

====================================================================================================================
  MACD (12,26,9) -- SPX500
====================================================================================================================
  Span: 2017-01-03 -> 2025-12-31   Position changes: 214

  year     start equity     end equity  year return %
  2017          100,000        100,009          +0.0%
  2018          100,009        100,012          +0.0%
  2019          100,012        100,121          +0.1%
  2020          100,121        100,304          +0.2%
  2021          100,304        100,159          -0.1%
  2022          100,159        100,103          -0.1%
  2023          100,103        100,137          +0.0%
  2024          100,137        100,083          -0.1%
  2025          100,083         99,918          -0.2%

  FULL-PERIOD: $100,000 -> $99,918 (-0.1%)   Sharpe -0.05   net PF 0.991
  MAX DRAWDOWN: 0.6%  (peak 2020-04-29, trough 2025-12-31, NOT recovered)
  TOP-YEAR CONCENTRATION: n/a (total<=0)  -> not concentrated
  BUY-AND-HOLD: $303,522 (+203.5%, Sharpe +0.71, maxDD 35.0%)  -> strategy loses to B&H

====================================================================================================================
  MACD (12,26,9) -- BTCUSDT
====================================================================================================================
  Span: 2018-01-01 -> 2026-08-31   Position changes: 216

  year     start equity     end equity  year return %
  2018          100,000        100,431          +0.4%
  2019          100,431        100,562          +0.1%
  2020          100,562        102,215          +1.6%
  2021          102,215        102,540          +0.3%
  2022          102,540        102,521          -0.0%
  2023          102,521        102,654          +0.1%
  2024          102,654        102,920          +0.3%
  2025          102,920        102,634          -0.3%
  2026          102,634        103,123          +0.5%

  FULL-PERIOD: $100,000 -> $103,123 (+3.1%)   Sharpe +0.49   net PF 1.095
  MAX DRAWDOWN: 0.6%  (peak 2024-09-27, trough 2025-04-13, NOT recovered)
  TOP-YEAR CONCENTRATION: 53%  -> not concentrated
  BUY-AND-HOLD: $576,995 (+477.0%, Sharpe +0.53, maxDD 81.0%)  -> strategy loses to B&H

====================================================================================================================
  MACD (12,26,9) -- ETHUSDT
====================================================================================================================
  Span: 2018-01-01 -> 2026-08-31   Position changes: 230

  year     start equity     end equity  year return %
  2018          100,000        101,218          +1.2%
  2019          101,218        101,605          +0.4%
  2020          101,605        102,788          +1.2%
  2021          102,788        102,801          +0.0%
  2022          102,801        103,162          +0.4%
  2023          103,162        103,149          -0.0%
  2024          103,149        103,323          +0.2%
  2025          103,323        102,570          -0.7%
  2026          102,570        103,223          +0.6%

  FULL-PERIOD: $100,000 -> $103,223 (+3.2%)   Sharpe +0.38   net PF 1.072
  MAX DRAWDOWN: 1.4%  (peak 2024-08-07, trough 2025-11-09, NOT recovered)
  TOP-YEAR CONCENTRATION: 38%  -> not concentrated
  BUY-AND-HOLD: $320,171 (+220.2%, Sharpe +0.48, maxDD 94.0%)  -> strategy loses to B&H

