STRATEGY 2 -- BOLLINGER BAND MEAN-REVERSION (20, 2.0), daily, all instruments

====================================================================================================================
  BOLLINGER (20,2.0) -- XAUUSD
====================================================================================================================
  Span: 2017-01-02 -> 2025-12-31   Position changes: 143

  year     start equity     end equity  year return %
  2017          100,000        100,037          +0.0%
  2018          100,037         99,976          -0.1%
  2019           99,976         99,891          -0.1%
  2020           99,891         99,982          +0.1%
  2021           99,982        100,040          +0.1%
  2022          100,040        100,091          +0.1%
  2023          100,091        100,206          +0.1%
  2024          100,206        100,231          +0.0%
  2025          100,231         99,836          -0.4%

  FULL-PERIOD: $100,000 -> $99,836 (-0.2%)   Sharpe -0.18   net PF 0.954
  MAX DRAWDOWN: 0.5%  (peak 2024-05-23, trough 2025-12-26, NOT recovered)
  TOP-YEAR CONCENTRATION: n/a (total<=0)  -> not concentrated
  BUY-AND-HOLD: $375,413 (+275.4%, Sharpe +1.18, maxDD 20.4%)  -> strategy loses to B&H

====================================================================================================================
  BOLLINGER (20,2.0) -- EURUSD
====================================================================================================================
  Span: 2013-01-01 -> 2025-12-30   Position changes: 293

  year     start equity     end equity  year return %
  2013          100,000        100,076          +0.1%
  2014          100,076        100,064          -0.0%
  2015          100,064        100,094          +0.0%
  2016          100,094        100,205          +0.1%
  2017          100,205        100,183          -0.0%
  2018          100,183        100,152          -0.0%
  2019          100,152        100,212          +0.1%
  2020          100,212        100,199          -0.0%
  2021          100,199        100,176          -0.0%
  2022          100,176        100,210          +0.0%
  2023          100,210        100,206          -0.0%
  2024          100,206        100,212          +0.0%
  2025          100,212        100,234          +0.0%

  FULL-PERIOD: $100,000 -> $100,234 (+0.2%)   Sharpe +0.28   net PF 1.073
  MAX DRAWDOWN: 0.1%  (peak 2014-07-20, trough 2015-03-15, recovered 2016-03-03)
  TOP-YEAR CONCENTRATION: 48%  -> not concentrated
  BUY-AND-HOLD: $88,994 (-11.0%, Sharpe -0.07, maxDD 31.1%)  -> strategy BEATS B&H
  OUT-OF-REGIME split: IS Sharpe +0.51  OOS Sharpe +0.11  OOS PF 1.028  -> HOLDS

====================================================================================================================
  BOLLINGER (20,2.0) -- NAS100
====================================================================================================================
  Span: 2013-09-30 -> 2025-12-31   Position changes: 226

  year     start equity     end equity  year return %
  2013          100,000         99,986          -0.0%
  2014           99,986        100,056          +0.1%
  2015          100,056        100,294          +0.2%
  2016          100,294        100,448          +0.2%
  2017          100,448        100,462          +0.0%
  2018          100,462        100,653          +0.2%
  2019          100,653        100,708          +0.1%
  2020          100,708        100,669          -0.0%
  2021          100,669        100,703          +0.0%
  2022          100,703        100,679          -0.0%
  2023          100,679        100,803          +0.1%
  2024          100,803        100,905          +0.1%
  2025          100,905        101,053          +0.1%

  FULL-PERIOD: $100,000 -> $101,053 (+1.1%)   Sharpe +0.60   net PF 1.181
  MAX DRAWDOWN: 0.3%  (peak 2019-10-29, trough 2020-08-27, recovered 2022-03-09)
  TOP-YEAR CONCENTRATION: 23%  -> not concentrated
  BUY-AND-HOLD: $783,733 (+683.7%, Sharpe +0.93, maxDD 35.7%)  -> strategy loses to B&H
  OUT-OF-REGIME split: IS Sharpe +1.10  OOS Sharpe +0.45  OOS PF 1.131  -> HOLDS

====================================================================================================================
  BOLLINGER (20,2.0) -- US30
====================================================================================================================
  Span: 2013-09-30 -> 2025-12-31   Position changes: 214

  year     start equity     end equity  year return %
  2013          100,000        100,027          +0.0%
  2014          100,027        100,098          +0.1%
  2015          100,098        100,205          +0.1%
  2016          100,205        100,138          -0.1%
  2017          100,138        100,069          -0.1%
  2018          100,069        100,172          +0.1%
  2019          100,172        100,161          -0.0%
  2020          100,161        100,172          +0.0%
  2021          100,172        100,248          +0.1%
  2022          100,248        100,282          +0.0%
  2023          100,282        100,335          +0.1%
  2024          100,335        100,406          +0.1%
  2025          100,406        100,506          +0.1%

  FULL-PERIOD: $100,000 -> $100,506 (+0.5%)   Sharpe +0.32   net PF 1.117
  MAX DRAWDOWN: 0.4%  (peak 2020-03-04, trough 2020-03-22, recovered 2021-02-25)
  TOP-YEAR CONCENTRATION: 21%  -> not concentrated
  BUY-AND-HOLD: $317,539 (+217.5%, Sharpe +0.66, maxDD 37.0%)  -> strategy loses to B&H
  OUT-OF-REGIME split: IS Sharpe +0.22  OOS Sharpe +0.37  OOS PF 1.133  -> HOLDS

====================================================================================================================
  BOLLINGER (20,2.0) -- SPX500
====================================================================================================================
  Span: 2017-01-03 -> 2025-12-31   Position changes: 192

  year     start equity     end equity  year return %
  2017          100,000         99,981          -0.0%
  2018           99,981        100,082          +0.1%
  2019          100,082         99,960          -0.1%
  2020           99,960         99,925          -0.0%
  2021           99,925        100,089          +0.2%
  2022          100,089        100,122          +0.0%
  2023          100,122        100,159          +0.0%
  2024          100,159        100,207          +0.0%
  2025          100,207        100,259          +0.1%

  FULL-PERIOD: $100,000 -> $100,259 (+0.3%)   Sharpe +0.19   net PF 1.060
  MAX DRAWDOWN: 0.4%  (peak 2019-01-22, trough 2020-03-22, recovered 2022-01-05)
  TOP-YEAR CONCENTRATION: 64%  -> FLAG: concentrated
  BUY-AND-HOLD: $303,522 (+203.5%, Sharpe +0.71, maxDD 35.0%)  -> strategy loses to B&H

====================================================================================================================
  BOLLINGER (20,2.0) -- BTCUSDT
====================================================================================================================
  Span: 2018-01-01 -> 2026-08-31   Position changes: 267

  year     start equity     end equity  year return %
  2018          100,000         99,913          -0.1%
  2019           99,913         99,551          -0.4%
  2020           99,551         98,092          -1.5%
  2021           98,092         97,952          -0.1%
  2022           97,952         98,158          +0.2%
  2023           98,158         97,956          -0.2%
  2024           97,956         97,856          -0.1%
  2025           97,856         98,136          +0.3%
  2026           98,136         98,051          -0.1%

  FULL-PERIOD: $100,000 -> $98,051 (-1.9%)   Sharpe -0.39   net PF 0.903
  MAX DRAWDOWN: 2.8%  (peak 2018-10-15, trough 2021-02-21, NOT recovered)
  TOP-YEAR CONCENTRATION: n/a (total<=0)  -> not concentrated
  BUY-AND-HOLD: $576,995 (+477.0%, Sharpe +0.53, maxDD 81.0%)  -> strategy loses to B&H

====================================================================================================================
  BOLLINGER (20,2.0) -- ETHUSDT
====================================================================================================================
  Span: 2018-01-01 -> 2026-08-31   Position changes: 233

  year     start equity     end equity  year return %
  2018          100,000         99,133          -0.9%
  2019           99,133         99,294          +0.2%
  2020           99,294         98,495          -0.8%
  2021           98,495         98,062          -0.4%
  2022           98,062         97,364          -0.7%
  2023           97,364         97,567          +0.2%
  2024           97,567         97,121          -0.5%
  2025           97,121         96,971          -0.2%
  2026           96,971         96,667          -0.3%

  FULL-PERIOD: $100,000 -> $96,667 (-3.3%)   Sharpe -0.51   net PF 0.884
  MAX DRAWDOWN: 3.8%  (peak 2018-02-16, trough 2026-06-06, NOT recovered)
  TOP-YEAR CONCENTRATION: n/a (total<=0)  -> not concentrated
  BUY-AND-HOLD: $320,171 (+220.2%, Sharpe +0.48, maxDD 94.0%)  -> strategy loses to B&H

