SLOWER MACD (12,26,9), long-only, holds through whipsaws, exits after N consecutive negative-histogram bars (N in {1,3,5}) -- BTCUSDT/ETHUSDT

====================================================================================================================
  SLOW MACD (exit after 1 consec neg-hist bar(s)) -- BTCUSDT
====================================================================================================================
  Span: 2018-01-01 -> 2026-08-31   Position changes: 215

  year     start equity     end equity  year return %
  2018          100,000        100,005          +0.0%
  2019          100,005        100,492          +0.5%
  2020          100,492        102,127          +1.6%
  2021          102,127        102,659          +0.5%
  2022          102,659        102,195          -0.5%
  2023          102,195        102,769          +0.6%
  2024          102,769        103,355          +0.6%
  2025          103,355        103,190          -0.2%
  2026          103,190        103,391          +0.2%

  FULL-PERIOD: $100,000 -> $103,391 (+3.4%)   Sharpe +0.76   net PF 1.216
  MAX DRAWDOWN: 0.6%  (peak 2018-09-04, trough 2018-12-15, recovered 2019-05-13)
  TOP-YEAR CONCENTRATION: 48%  -> not concentrated
  BUY-AND-HOLD: $576,995 (+477.0%, Sharpe +0.53, maxDD 81.0%)  -> strategy loses to B&H

====================================================================================================================
  SLOW MACD (exit after 3 consec neg-hist bar(s)) -- BTCUSDT
====================================================================================================================
  Span: 2018-01-01 -> 2026-08-31   Position changes: 195

  year     start equity     end equity  year return %
  2018          100,000         99,792          -0.2%
  2019           99,792        100,763          +1.0%
  2020          100,763        102,528          +1.8%
  2021          102,528        103,121          +0.6%
  2022          103,121        102,198          -0.9%
  2023          102,198        102,805          +0.6%
  2024          102,805        103,385          +0.6%
  2025          103,385        103,099          -0.3%
  2026          103,099        103,363          +0.3%

  FULL-PERIOD: $100,000 -> $103,363 (+3.4%)   Sharpe +0.70   net PF 1.186
  MAX DRAWDOWN: 1.2%  (peak 2021-02-21, trough 2022-11-09, recovered 2024-11-11)
  TOP-YEAR CONCENTRATION: 52%  -> not concentrated
  BUY-AND-HOLD: $576,995 (+477.0%, Sharpe +0.53, maxDD 81.0%)  -> strategy loses to B&H

====================================================================================================================
  SLOW MACD (exit after 5 consec neg-hist bar(s)) -- BTCUSDT
====================================================================================================================
  Span: 2018-01-01 -> 2026-08-31   Position changes: 175

  year     start equity     end equity  year return %
  2018          100,000         99,729          -0.3%
  2019           99,729        100,567          +0.8%
  2020          100,567        102,567          +2.0%
  2021          102,567        102,733          +0.2%
  2022          102,733        101,627          -1.1%
  2023          101,627        102,162          +0.5%
  2024          102,162        102,955          +0.8%
  2025          102,955        102,702          -0.2%
  2026          102,702        102,957          +0.2%

  FULL-PERIOD: $100,000 -> $102,957 (+3.0%)   Sharpe +0.58   net PF 1.145
  MAX DRAWDOWN: 1.7%  (peak 2021-02-21, trough 2022-11-09, NOT recovered)
  TOP-YEAR CONCENTRATION: 68%  -> FLAG: concentrated
  BUY-AND-HOLD: $576,995 (+477.0%, Sharpe +0.53, maxDD 81.0%)  -> strategy loses to B&H

====================================================================================================================
  SLOW MACD (exit after 1 consec neg-hist bar(s)) -- ETHUSDT
====================================================================================================================
  Span: 2018-01-01 -> 2026-08-31   Position changes: 229

  year     start equity     end equity  year return %
  2018          100,000         99,980          -0.0%
  2019           99,980        100,287          +0.3%
  2020          100,287        101,943          +1.7%
  2021          101,943        103,022          +1.1%
  2022          103,022        102,788          -0.2%
  2023          102,788        103,142          +0.3%
  2024          103,142        103,503          +0.3%
  2025          103,503        103,176          -0.3%
  2026          103,176        103,456          +0.3%

  FULL-PERIOD: $100,000 -> $103,456 (+3.5%)   Sharpe +0.58   net PF 1.157
  MAX DRAWDOWN: 1.1%  (peak 2018-05-05, trough 2018-12-15, recovered 2019-05-16)
  TOP-YEAR CONCENTRATION: 48%  -> not concentrated
  BUY-AND-HOLD: $320,171 (+220.2%, Sharpe +0.48, maxDD 94.0%)  -> strategy loses to B&H

====================================================================================================================
  SLOW MACD (exit after 3 consec neg-hist bar(s)) -- ETHUSDT
====================================================================================================================
  Span: 2018-01-01 -> 2026-08-31   Position changes: 201

  year     start equity     end equity  year return %
  2018          100,000         99,644          -0.4%
  2019           99,644        100,038          +0.4%
  2020          100,038        101,770          +1.7%
  2021          101,770        102,956          +1.2%
  2022          102,956        102,485          -0.5%
  2023          102,485        102,746          +0.3%
  2024          102,746        103,285          +0.5%
  2025          103,285        102,820          -0.4%
  2026          102,820        103,098          +0.3%

  FULL-PERIOD: $100,000 -> $103,098 (+3.1%)   Sharpe +0.49   net PF 1.122
  MAX DRAWDOWN: 1.4%  (peak 2018-05-05, trough 2018-12-15, recovered 2019-06-26)
  TOP-YEAR CONCENTRATION: 56%  -> not concentrated
  BUY-AND-HOLD: $320,171 (+220.2%, Sharpe +0.48, maxDD 94.0%)  -> strategy loses to B&H

====================================================================================================================
  SLOW MACD (exit after 5 consec neg-hist bar(s)) -- ETHUSDT
====================================================================================================================
  Span: 2018-01-01 -> 2026-08-31   Position changes: 179

  year     start equity     end equity  year return %
  2018          100,000         99,760          -0.2%
  2019           99,760        100,140          +0.4%
  2020          100,140        101,859          +1.7%
  2021          101,859        102,860          +1.0%
  2022          102,860        102,353          -0.5%
  2023          102,353        102,582          +0.2%
  2024          102,582        102,958          +0.4%
  2025          102,958        102,832          -0.1%
  2026          102,832        103,103          +0.3%

  FULL-PERIOD: $100,000 -> $103,103 (+3.1%)   Sharpe +0.46   net PF 1.109
  MAX DRAWDOWN: 1.3%  (peak 2018-05-05, trough 2018-12-15, recovered 2019-06-22)
  TOP-YEAR CONCENTRATION: 56%  -> not concentrated
  BUY-AND-HOLD: $320,171 (+220.2%, Sharpe +0.48, maxDD 94.0%)  -> strategy loses to B&H

