STRATEGY 5 -- TURTLE TRADING SYSTEM (System 1: 20d entry/10d exit + skip-winner filter; System 2: 55d entry/20d exit, no filter), N=ATR(20), 2N stop, pyramid to 4 units @ 0.5N

====================================================================================================================
  TURTLE SYSTEM 1 (20d entry/10d exit, skip-winner filter) -- XAUUSD
====================================================================================================================
  2017          100,000         96,614          -3.4%
  2018           96,614        109,791         +13.6%
  2019          109,791        124,167         +13.1%
  2020          124,167        139,325         +12.2%
  2021          139,325        123,865         -11.1%
  2022          123,865        127,095          +2.6%
  2023          127,095        136,672          +7.5%
  2024          136,672        133,730          -2.2%
  2025          133,730        183,505         +37.2%

  FULL-PERIOD: $100,000 -> $183,505 (+83.5%)   Sharpe +0.83   net PF 1.217
  MAX DRAWDOWN: 22.1%  (peak 2020-08-05, trough 2022-02-15, recovered 2025-03-28)
  TOP-YEAR CONCENTRATION: 52%  -> not concentrated
  BUY-AND-HOLD: $375,413 (+275.4%)  -> strategy loses to B&H

====================================================================================================================
  TURTLE SYSTEM 2 (55d entry/20d exit, no filter) -- XAUUSD
====================================================================================================================
  2017          100,000         92,599          -7.4%
  2018           92,599        105,703         +14.2%
  2019          105,703        116,408         +10.1%
  2020          116,408        130,782         +12.3%
  2021          130,782        119,869          -8.3%
  2022          119,869        119,768          -0.1%
  2023          119,768        120,242          +0.4%
  2024          120,242        132,967         +10.6%
  2025          132,967        190,719         +43.4%

  FULL-PERIOD: $100,000 -> $190,719 (+90.7%)   Sharpe +0.90   net PF 1.250
  MAX DRAWDOWN: 19.4%  (peak 2020-08-05, trough 2022-11-21, recovered 2025-02-10)
  TOP-YEAR CONCENTRATION: 56%  -> not concentrated
  BUY-AND-HOLD: $375,413 (+275.4%)  -> strategy loses to B&H

====================================================================================================================
  TURTLE SYSTEM 1 (20d entry/10d exit, skip-winner filter) -- EURUSD
====================================================================================================================
  2013          100,000         90,381          -9.6%
  2014           90,381        100,625         +11.3%
  2015          100,625        104,072          +3.4%
  2016          104,072         85,478         -17.9%
  2017           85,478         86,712          +1.4%
  2018           86,712         88,421          +2.0%
  2019           88,421         71,272         -19.4%
  2020           71,272         72,837          +2.2%
  2021           72,837         73,271          +0.6%
  2022           73,271         66,534          -9.2%
  2023           66,534         70,988          +6.7%
  2024           70,988         67,281          -5.2%
  2025           67,281         64,003          -4.9%

  FULL-PERIOD: $100,000 -> $64,003 (-36.0%)   Sharpe -0.28   net PF 0.941
  MAX DRAWDOWN: 48.8%  (peak 2015-03-15, trough 2024-08-11, NOT recovered)
  TOP-YEAR CONCENTRATION: n/a (total<=0)  -> not concentrated
  BUY-AND-HOLD: $88,994 (-11.0%)  -> strategy loses to B&H
  OUT-OF-REGIME: OOS Sharpe -0.33  OOS PF 0.932  -> fails

====================================================================================================================
  TURTLE SYSTEM 2 (55d entry/20d exit, no filter) -- EURUSD
====================================================================================================================
  2013          100,000         88,317         -11.7%
  2014           88,317        104,949         +18.8%
  2015          104,949        113,641          +8.3%
  2016          113,641        105,268          -7.4%
  2017          105,268        112,887          +7.2%
  2018          112,887        120,028          +6.3%
  2019          120,028         97,315         -18.9%
  2020           97,315         97,646          +0.3%
  2021           97,646         93,283          -4.5%
  2022           93,283         88,468          -5.2%
  2023           88,468         82,877          -6.3%
  2024           82,877         83,363          +0.6%
  2025           83,363         83,126          -0.3%

  FULL-PERIOD: $100,000 -> $83,126 (-16.9%)   Sharpe -0.11   net PF 0.973
  MAX DRAWDOWN: 42.7%  (peak 2018-08-15, trough 2024-08-11, NOT recovered)
  TOP-YEAR CONCENTRATION: n/a (total<=0)  -> not concentrated
  BUY-AND-HOLD: $88,994 (-11.0%)  -> strategy loses to B&H
  OUT-OF-REGIME: OOS Sharpe -0.37  OOS PF 0.915  -> fails

====================================================================================================================
  TURTLE SYSTEM 1 (20d entry/10d exit, skip-winner filter) -- NAS100
====================================================================================================================
  2013          100,000        105,299          +5.3%
  2014          105,299         99,288          -5.7%
  2015           99,288         96,182          -3.1%
  2016           96,182         85,037         -11.6%
  2017           85,037         91,848          +8.0%
  2018           91,848         83,398          -9.2%
  2019           83,398         86,400          +3.6%
  2020           86,400         98,559         +14.1%
  2021           98,559         94,992          -3.6%
  2022           94,992        101,589          +6.9%
  2023          101,589        100,252          -1.3%
  2024          100,252        105,716          +5.5%
  2025          105,716        108,918          +3.0%

  FULL-PERIOD: $100,000 -> $108,918 (+8.9%)   Sharpe +0.12   net PF 1.027
  MAX DRAWDOWN: 24.0%  (peak 2014-01-22, trough 2019-10-29, recovered 2023-06-12)
  TOP-YEAR CONCENTRATION: 154%  -> FLAG: concentrated
  BUY-AND-HOLD: $783,733 (+683.7%)  -> strategy loses to B&H
  OUT-OF-REGIME: OOS Sharpe +0.26  OOS PF 1.058  -> HOLDS

====================================================================================================================
  TURTLE SYSTEM 2 (55d entry/20d exit, no filter) -- NAS100
====================================================================================================================
  2013          100,000        100,666          +0.7%
  2014          100,666         97,651          -3.0%
  2015           97,651         92,609          -5.2%
  2016           92,609         85,918          -7.2%
  2017           85,918        105,299         +22.6%
  2018          105,299         91,955         -12.7%
  2019           91,955         92,690          +0.8%
  2020           92,690         99,907          +7.8%
  2021           99,907         95,931          -4.0%
  2022           95,931         92,970          -3.1%
  2023           92,970        107,078         +15.2%
  2024          107,078        107,490          +0.4%
  2025          107,490        115,011          +7.0%

  FULL-PERIOD: $100,000 -> $115,011 (+15.0%)   Sharpe +0.17   net PF 1.038
  MAX DRAWDOWN: 25.3%  (peak 2018-01-29, trough 2019-10-29, recovered 2024-07-03)
  TOP-YEAR CONCENTRATION: 145%  -> FLAG: concentrated
  BUY-AND-HOLD: $783,733 (+683.7%)  -> strategy loses to B&H
  OUT-OF-REGIME: OOS Sharpe +0.16  OOS PF 1.036  -> HOLDS

====================================================================================================================
  TURTLE SYSTEM 1 (20d entry/10d exit, skip-winner filter) -- US30
====================================================================================================================
  2013          100,000         99,149          -0.9%
  2014           99,149         86,014         -13.2%
  2015           86,014         79,400          -7.7%
  2016           79,400         85,768          +8.0%
  2017           85,768        111,984         +30.6%
  2018          111,984        108,114          -3.5%
  2019          108,114        109,021          +0.8%
  2020          109,021        121,653         +11.6%
  2021          121,653        107,749         -11.4%
  2022          107,749        106,281          -1.4%
  2023          106,281        109,485          +3.0%
  2024          109,485        103,142          -5.8%
  2025          103,142         88,535         -14.2%

  FULL-PERIOD: $100,000 -> $88,535 (-11.5%)   Sharpe -0.06   net PF 0.987
  MAX DRAWDOWN: 29.8%  (peak 2018-01-26, trough 2025-12-17, NOT recovered)
  TOP-YEAR CONCENTRATION: n/a (total<=0)  -> not concentrated
  BUY-AND-HOLD: $317,539 (+217.5%)  -> strategy loses to B&H
  OUT-OF-REGIME: OOS Sharpe -0.26  OOS PF 0.941  -> fails

====================================================================================================================
  TURTLE SYSTEM 2 (55d entry/20d exit, no filter) -- US30
====================================================================================================================
  2013          100,000        101,991          +2.0%
  2014          101,991         87,256         -14.4%
  2015           87,256         77,791         -10.8%
  2016           77,791         79,165          +1.8%
  2017           79,165        113,029         +42.8%
  2018          113,029        109,070          -3.5%
  2019          109,070        105,605          -3.2%
  2020          105,605        110,137          +4.3%
  2021          110,137        110,522          +0.3%
  2022          110,522        102,967          -6.8%
  2023          102,967        108,169          +5.1%
  2024          108,169        103,911          -3.9%
  2025          103,911         92,811         -10.7%

  FULL-PERIOD: $100,000 -> $92,811 (-7.2%)   Sharpe -0.02   net PF 0.995
  MAX DRAWDOWN: 28.4%  (peak 2013-12-31, trough 2016-11-07, recovered 2017-10-24)
  TOP-YEAR CONCENTRATION: n/a (total<=0)  -> not concentrated
  BUY-AND-HOLD: $317,539 (+217.5%)  -> strategy loses to B&H
  OUT-OF-REGIME: OOS Sharpe -0.22  OOS PF 0.946  -> fails

====================================================================================================================
  TURTLE SYSTEM 1 (20d entry/10d exit, skip-winner filter) -- SPX500
====================================================================================================================
  2017          100,000        107,033          +7.0%
  2018          107,033        104,119          -2.7%
  2019          104,119        111,320          +6.9%
  2020          111,320        121,087          +8.8%
  2021          121,087        101,043         -16.6%
  2022          101,043        101,413          +0.4%
  2023          101,413        105,652          +4.2%
  2024          105,652         99,602          -5.7%
  2025           99,602         98,172          -1.4%

  FULL-PERIOD: $100,000 -> $98,172 (-1.8%)   Sharpe +0.03   net PF 1.007
  MAX DRAWDOWN: 29.6%  (peak 2020-09-02, trough 2023-05-31, NOT recovered)
  TOP-YEAR CONCENTRATION: n/a (total<=0)  -> not concentrated
  BUY-AND-HOLD: $303,522 (+203.5%)  -> strategy loses to B&H

====================================================================================================================
  TURTLE SYSTEM 2 (55d entry/20d exit, no filter) -- SPX500
====================================================================================================================
  2017          100,000        113,861         +13.9%
  2018          113,861        117,970          +3.6%
  2019          117,970        123,578          +4.8%
  2020          123,578        137,076         +10.9%
  2021          137,076        127,127          -7.3%
  2022          127,127        113,259         -10.9%
  2023          113,259        119,378          +5.4%
  2024          119,378        130,298          +9.1%
  2025          130,298        137,450          +5.5%

  FULL-PERIOD: $100,000 -> $137,450 (+37.5%)   Sharpe +0.37   net PF 1.089
  MAX DRAWDOWN: 26.1%  (peak 2020-09-02, trough 2023-05-31, NOT recovered)
  TOP-YEAR CONCENTRATION: 41%  -> not concentrated
  BUY-AND-HOLD: $303,522 (+203.5%)  -> strategy loses to B&H

====================================================================================================================
  TURTLE SYSTEM 1 (20d entry/10d exit, skip-winner filter) -- BTCUSDT
====================================================================================================================
  2018          100,000         98,988          -1.0%
  2019           98,988        128,736         +30.1%
  2020          128,736        194,725         +51.3%
  2021          194,725        214,499         +10.2%
  2022          214,499        198,350          -7.5%
  2023          198,350        230,851         +16.4%
  2024          230,851        259,931         +12.6%
  2025          259,931        245,230          -5.7%
  2026          245,230        264,446          +7.8%

  FULL-PERIOD: $100,000 -> $264,446 (+164.4%)   Sharpe +0.87   net PF 1.232
  MAX DRAWDOWN: 14.4%  (peak 2025-05-22, trough 2025-11-10, NOT recovered)
  TOP-YEAR CONCENTRATION: 43%  -> not concentrated
  BUY-AND-HOLD: $576,995 (+477.0%)  -> strategy loses to B&H

====================================================================================================================
  TURTLE SYSTEM 2 (55d entry/20d exit, no filter) -- BTCUSDT
====================================================================================================================
  2018          100,000        104,817          +4.8%
  2019          104,817        121,082         +15.5%
  2020          121,082        138,853         +14.7%
  2021          138,853        155,273         +11.8%
  2022          155,273        155,755          +0.3%
  2023          155,755        166,109          +6.6%
  2024          166,109        182,994         +10.2%
  2025          182,994        187,765          +2.6%
  2026          187,765        192,330          +2.4%

  FULL-PERIOD: $100,000 -> $192,330 (+92.3%)   Sharpe +0.67   net PF 1.180
  MAX DRAWDOWN: 11.6%  (peak 2024-03-13, trough 2024-10-23, recovered 2024-11-21)
  TOP-YEAR CONCENTRATION: 22%  -> not concentrated
  BUY-AND-HOLD: $576,995 (+477.0%)  -> strategy loses to B&H

====================================================================================================================
  TURTLE SYSTEM 1 (20d entry/10d exit, skip-winner filter) -- ETHUSDT
====================================================================================================================
  2018          100,000        108,018          +8.0%
  2019          108,018        103,159          -4.5%
  2020          103,159        138,638         +34.4%
  2021          138,638        169,120         +22.0%
  2022          169,120        176,983          +4.6%
  2023          176,983        173,642          -1.9%
  2024          173,642        184,659          +6.3%
  2025          184,659        187,668          +1.6%
  2026          187,668        193,754          +3.2%

  FULL-PERIOD: $100,000 -> $193,754 (+93.8%)   Sharpe +0.63   net PF 1.156
  MAX DRAWDOWN: 17.8%  (peak 2022-08-13, trough 2023-10-28, recovered 2025-07-17)
  TOP-YEAR CONCENTRATION: 45%  -> not concentrated
  BUY-AND-HOLD: $320,171 (+220.2%)  -> strategy loses to B&H

====================================================================================================================
  TURTLE SYSTEM 2 (55d entry/20d exit, no filter) -- ETHUSDT
====================================================================================================================
  2018          100,000        106,794          +6.8%
  2019          106,794        106,912          +0.1%
  2020          106,912        123,156         +15.2%
  2021          123,156        153,744         +24.8%
  2022          153,744        149,260          -2.9%
  2023          149,260        154,087          +3.2%
  2024          154,087        176,454         +14.5%
  2025          176,454        195,413         +10.7%
  2026          195,413        203,538          +4.2%

  FULL-PERIOD: $100,000 -> $203,538 (+103.5%)   Sharpe +0.72   net PF 1.189
  MAX DRAWDOWN: 13.1%  (peak 2022-06-18, trough 2023-10-28, recovered 2024-02-18)
  TOP-YEAR CONCENTRATION: 31%  -> not concentrated
  BUY-AND-HOLD: $320,171 (+220.2%)  -> strategy loses to B&H

