STRATEGY 1 -- PAIRS TRADING / STATISTICAL ARBITRAGE, 60-day rolling z-score, N in {1.5, 2.0}

[GLD vs SLV] daily return correlation over 2006-04-28 -> 2026-08-27: 0.797
[NAS100 vs US30] daily return correlation over 2013-09-30 -> 2025-12-31: 0.794

====================================================================================================================
  PAIRS: GLD vs SLV  (N=1.5)
====================================================================================================================
  2006          100,000        102,106          +2.1%
  2007          102,106        105,414          +3.2%
  2008          105,414         96,028          -8.9%
  2009           96,028         95,110          -1.0%
  2010           95,110         87,972          -7.5%
  2011           87,972         95,427          +8.5%
  2012           95,427         94,836          -0.6%
  2013           94,836         90,058          -5.0%
  2014           90,058         94,247          +4.7%
  2015           94,247        106,813         +13.3%
  2016          106,813        108,965          +2.0%
  2017          108,965        108,057          -0.8%
  2018          108,057        104,802          -3.0%
  2019          104,802        105,721          +0.9%
  2020          105,721         85,395         -19.2%
  2021           85,395         77,498          -9.2%
  2022           77,498         75,278          -2.9%
  2023           75,278         84,197         +11.8%
  2024           84,197         83,648          -0.7%
  2025           83,648         70,801         -15.4%
  2026           70,801         70,999          +0.3%

  FULL-PERIOD: $100,000 -> $70,999 (-29.0%)   Sharpe -0.14   net PF 0.966   position changes 252
  MAX DRAWDOWN: 44.2%  (peak 2017-03-02, trough 2026-01-28, NOT recovered)
  TOP-YEAR CONCENTRATION: n/a (total<=0)  -> not concentrated

====================================================================================================================
  PAIRS: GLD vs SLV  (N=2.0)
====================================================================================================================
  2006          100,000        105,710          +5.7%
  2007          105,710        107,074          +1.3%
  2008          107,074         94,323         -11.9%
  2009           94,323         94,586          +0.3%
  2010           94,586         81,264         -14.1%
  2011           81,264         70,577         -13.2%
  2012           70,577         70,536          -0.1%
  2013           70,536         69,405          -1.6%
  2014           69,405         74,200          +6.9%
  2015           74,200         84,045         +13.3%
  2016           84,045         83,717          -0.4%
  2017           83,717         81,873          -2.2%
  2018           81,873         81,459          -0.5%
  2019           81,459         82,199          +0.9%
  2020           82,199         65,094         -20.8%
  2021           65,094         61,190          -6.0%
  2022           61,190         60,912          -0.5%
  2023           60,912         65,957          +8.3%
  2024           65,957         68,682          +4.1%
  2025           68,682         60,067         -12.5%
  2026           60,067         62,301          +3.7%

  FULL-PERIOD: $100,000 -> $62,301 (-37.7%)   Sharpe -0.23   net PF 0.941   position changes 158
  MAX DRAWDOWN: 52.1%  (peak 2008-07-14, trough 2026-01-28, NOT recovered)
  TOP-YEAR CONCENTRATION: n/a (total<=0)  -> not concentrated

====================================================================================================================
  PAIRS: NAS100 vs US30  (N=1.5)
====================================================================================================================
  2013          100,000        100,000          +0.0%
  2014          100,000         98,706          -1.3%
  2015           98,706         98,858          +0.2%
  2016           98,858         95,954          -2.9%
  2017           95,954         98,414          +2.6%
  2018           98,414         97,474          -1.0%
  2019           97,474         96,917          -0.6%
  2020           96,917         87,857          -9.3%
  2021           87,857         90,987          +3.6%
  2022           90,987         85,355          -6.2%
  2023           85,355        100,813         +18.1%
  2024          100,813        102,658          +1.8%
  2025          102,658        100,673          -1.9%

  FULL-PERIOD: $100,000 -> $100,673 (+0.7%)   Sharpe +0.04   net PF 1.010   position changes 131
  MAX DRAWDOWN: 15.8%  (peak 2014-01-17, trough 2020-11-08, recovered 2023-11-30)
  TOP-YEAR CONCENTRATION: 2480%  -> FLAG: concentrated

====================================================================================================================
  PAIRS: NAS100 vs US30  (N=2.0)
====================================================================================================================
  2013          100,000        100,000          +0.0%
  2014          100,000         99,939          -0.1%
  2015           99,939         99,683          -0.3%
  2016           99,683         97,573          -2.1%
  2017           97,573        100,696          +3.2%
  2018          100,696        101,909          +1.2%
  2019          101,909        101,410          -0.5%
  2020          101,410         92,909          -8.4%
  2021           92,909        101,481          +9.2%
  2022          101,481         95,249          -6.1%
  2023           95,249        113,306         +19.0%
  2024          113,306        115,137          +1.6%
  2025          115,137        114,858          -0.2%

  FULL-PERIOD: $100,000 -> $114,858 (+14.9%)   Sharpe +0.27   net PF 1.070   position changes 99
  MAX DRAWDOWN: 14.2%  (peak 2018-10-16, trough 2020-11-08, recovered 2022-03-24)
  TOP-YEAR CONCENTRATION: 125%  -> FLAG: concentrated

